This is LuaHBTeX, Version 1.22.0 (TeX Live 2025)  (format=lualatex 2025.12.18)  24 DEC 2025 00:47
 restricted system commands enabled.
**\input intexgral-fr.dtx
Lua module: luaotfload 2024-12-03 v3.29 Lua based OpenType font support
Lua module: lualibs 2023-07-13 v2.76 ConTeXt Lua standard libraries.
Lua module: lualibs-extended 2023-07-13 v2.76 ConTeXt Lua libraries -- extended collection.
luaotfload | conf : Root cache directory is "C:/texlive/2025/texmf-var/luatex-cache/generic/names".
luaotfload | init : Loading fontloader "fontloader-2023-12-28.lua" from kpse-resolved path "c:/texlive/2025/texmf-dist/tex/luatex/luaotfload/fontloader-2023-12-28.lua".
Lua-only attribute luaotfload@noligature = 1
luaotfload | init : Context OpenType loader version 3.134
Inserting `luaotfload.node_processor' in `pre_linebreak_filter'.
Inserting `luaotfload.node_processor' in `hpack_filter'.
Inserting `luaotfload.glyph_stream' in `glyph_stream_provider'.
Inserting `luaotfload.define_font' in `define_font'.
Lua-only attribute luaotfload_color_attribute = 2
luaotfload | conf : Root cache directory is "C:/texlive/2025/texmf-var/luatex-cache/generic/names".
Inserting `luaotfload.harf.strip_prefix' in `find_opentype_file'.
Inserting `luaotfload.harf.strip_prefix' in `find_truetype_file'.
Removing  `luaotfload.glyph_stream' from `glyph_stream_provider'.
Inserting `luaotfload.harf.glyphstream' in `glyph_stream_provider'.
Inserting `luaotfload.harf.finalize_vlist' in `post_linebreak_filter'.
Inserting `luaotfload.harf.finalize_hlist' in `hpack_filter'.
Inserting `luaotfload.cleanup_files' in `wrapup_run'.
Inserting `luaotfload.harf.finalize_unicode' in `finish_pdffile'.
Inserting `luaotfload.glyphinfo' in `glyph_info'.
Lua-only attribute luaotfload.letterspace_done = 3
Inserting `luaotfload.aux.set_sscale_dimens' in `luaotfload.patch_font'.
Inserting `luaotfload.aux.set_font_index' in `luaotfload.patch_font'.
Inserting `luaotfload.aux.patch_cambria_domh' in `luaotfload.patch_font'.
Inserting `luaotfload.aux.fixup_fontdata' in `luaotfload.patch_font_unsafe'.
Inserting `luaotfload.aux.set_capheight' in `luaotfload.patch_font'.
Inserting `luaotfload.aux.set_xheight' in `luaotfload.patch_font'.
Inserting `luaotfload.rewrite_fontname' in `luaotfload.patch_font'.
Inserting `tracingstacklevels' in `input_level_string'.
(./intexgral-fr.dtx (c:/texlive/2025/texmf-dist/tex/latex/l3kernel/l3doc.cls
(c:/texlive/2025/texmf-dist/tex/latex/tools/calc.sty
Package: calc 2025/03/01 v4.3b Infix arithmetic (KKT,FJ)
\calc@Acount=\count273
\calc@Bcount=\count274
\calc@Adimen=\dimen147
\calc@Bdimen=\dimen148
\calc@Askip=\skip49
\calc@Bskip=\skip50
LaTeX Info: Redefining \setlength on input line 86.
LaTeX Info: Redefining \addtolength on input line 87.
\calc@Ccount=\count275
\calc@Cskip=\skip51
)
Document Class: l3doc 2025-11-14 L3 Experimental documentation class
\l__codedoc_output_coffin=\box53
\l__codedoc_functions_coffin=\box54
\l__codedoc_descr_coffin=\box55
\l__codedoc_syntax_coffin=\box56
\g__codedoc_syntax_box=\box57
\l__codedoc_trial_width_dim=\dimen149
\l__codedoc_nested_macro_int=\count276
\l__codedoc_tmpa_int=\count277
\l__codedoc_tmpa_seq=\count278
\l__codedoc_macro_box=\box58
\l__codedoc_macro_index_box=\box59
\l__codedoc_macro_int=\count279
(c:/texlive/2025/texmf-dist/tex/latex/base/article.cls
Document Class: article 2025/01/22 v1.4n Standard LaTeX document class
(c:/texlive/2025/texmf-dist/tex/latex/base/size11.clo
File: size11.clo 2025/01/22 v1.4n Standard LaTeX file (size option)
luaotfload | db : Font names database loaded from C:/texlive/2025/texmf-var/luat
ex-cache/generic/names/luaotfload-names.luc.gz)
\c@part=\count280
\c@section=\count281
\c@subsection=\count282
\c@subsubsection=\count283
\c@paragraph=\count284
\c@subparagraph=\count285
\c@figure=\count286
\c@table=\count287
\abovecaptionskip=\skip52
\belowcaptionskip=\skip53
\bibindent=\dimen150
)
(c:/texlive/2025/texmf-dist/tex/latex/base/doc.sty
Package: doc 2024/12/25 v3.0q Standard LaTeX documentation package V3 (FMi)
\c@StandardModuleDepth=\count288
\guard@level=\count289
\MacrocodeTopsep=\skip54
\MacroIndent=\dimen151
\macro@cnt=\count290
\MacroTopsep=\skip55
\IndexMin=\dimen152
\c@IndexColumns=\count291

(c:/texlive/2025/texmf-dist/tex/latex/tools/multicol.sty
Package: multicol 2025/10/21 v2.0b multicolumn formatting (FMi)
\c@tracingmulticols=\count292
\mult@box=\box60
\multicol@leftmargin=\dimen153
\c@unbalance=\count293
\c@collectmore=\count294
\doublecol@number=\count295
\multicoltolerance=\count296
\multicolpretolerance=\count297
\full@width=\dimen154
\page@free=\dimen155
\premulticols=\dimen156
\postmulticols=\dimen157
\multicolsep=\skip56
\multicolbaselineskip=\skip57
\partial@page=\box61
\last@line=\box62
\mc@boxedresult=\box63
\maxbalancingoverflow=\dimen158
\mult@rightbox=\box64
\mult@grightbox=\box65
\mult@firstbox=\box66
\mult@gfirstbox=\box67
\@tempa=\box68
\@tempa=\box69
\@tempa=\box70
\@tempa=\box71
\@tempa=\box72
\@tempa=\box73
\@tempa=\box74
\@tempa=\box75
\@tempa=\box76
\@tempa=\box77
\@tempa=\box78
\@tempa=\box79
\@tempa=\box80
\@tempa=\box81
\@tempa=\box82
\@tempa=\box83
\@tempa=\box84
\@tempa=\box85
\@tempa=\box86
\@tempa=\box87
\@tempa=\box88
\@tempa=\box89
\@tempa=\box90
\@tempa=\box91
\@tempa=\box92
\@tempa=\box93
\@tempa=\box94
\@tempa=\box95
\@tempa=\box96
\@tempa=\box97
\@tempa=\box98
\@tempa=\box99
\@tempa=\box100
\@tempa=\box101
\@tempa=\box102
\@tempa=\box103
\c@minrows=\count298
\c@columnbadness=\count299
\c@finalcolumnbadness=\count300
\last@try=\dimen159
\multicolovershoot=\dimen160
\multicolundershoot=\dimen161
\mult@nat@firstbox=\box104
\colbreak@box=\box105
\mc@col@check@num=\count301
\g__mc_curr_col_int=\count302
)
\GlossaryMin=\dimen162
\c@GlossaryColumns=\count303
\check@sum=\count304
\bslash@cnt=\count305
\wrong@table=\toks17
\c@CodelineNo=\count306
\@temptokenb=\toks18
)
(c:/texlive/2025/texmf-dist/tex/latex/tools/array.sty
Package: array 2025/09/25 v2.6n Tabular extension package (FMi)
\col@sep=\dimen163
\ar@mcellbox=\box106
\extrarowheight=\dimen164
\NC@list=\toks19
\extratabsurround=\skip58
\backup@length=\skip59
\ar@cellbox=\box107
)
(c:/texlive/2025/texmf-dist/tex/generic/alphalph/alphalph.sty
Package: alphalph 2019/12/09 v2.6 Convert numbers to letters (HO)

(c:/texlive/2025/texmf-dist/tex/generic/infwarerr/infwarerr.sty
Package: infwarerr 2019/12/03 v1.5 Providing info/warning/error messages (HO)
)
(c:/texlive/2025/texmf-dist/tex/generic/intcalc/intcalc.sty
Package: intcalc 2019/12/15 v1.3 Expandable calculations with integers (HO)
))
(c:/texlive/2025/texmf-dist/tex/latex/amsmath/amsmath.sty
Package: amsmath 2025/07/09 v2.17z AMS math features
\@mathmargin=\skip60

For additional information on amsmath, use the `?' option.
(c:/texlive/2025/texmf-dist/tex/latex/amsmath/amstext.sty
Package: amstext 2024/11/17 v2.01 AMS text

(c:/texlive/2025/texmf-dist/tex/latex/amsmath/amsgen.sty
File: amsgen.sty 1999/11/30 v2.0 generic functions
\@emptytoks=\toks20
\ex@=\dimen165
))
(c:/texlive/2025/texmf-dist/tex/latex/amsmath/amsbsy.sty
Package: amsbsy 1999/11/29 v1.2d Bold Symbols
\pmbraise@=\dimen166
)
(c:/texlive/2025/texmf-dist/tex/latex/amsmath/amsopn.sty
Package: amsopn 2022/04/08 v2.04 operator names
)
\inf@bad=\count307
LaTeX Info: Redefining \frac on input line 235.
\uproot@=\count308
\leftroot@=\count309
LaTeX Info: Redefining \overline on input line 398.
LaTeX Info: Redefining \colon on input line 409.
\classnum@=\count310
\DOTSCASE@=\count311
LaTeX Info: Redefining \ldots on input line 495.
LaTeX Info: Redefining \dots on input line 498.
LaTeX Info: Redefining \cdots on input line 619.
\Mathstrutbox@=\box108
\strutbox@=\box109
LaTeX Info: Redefining \big on input line 721.
LaTeX Info: Redefining \Big on input line 722.
LaTeX Info: Redefining \bigg on input line 723.
LaTeX Info: Redefining \Bigg on input line 724.
\big@size=\dimen167
LaTeX Font Info:    Redeclaring font encoding OML on input line 742.
LaTeX Font Info:    Redeclaring font encoding OMS on input line 743.
\macc@depth=\count312
LaTeX Info: Redefining \bmod on input line 904.
LaTeX Info: Redefining \pmod on input line 909.
LaTeX Info: Redefining \smash on input line 939.
LaTeX Info: Redefining \relbar on input line 969.
LaTeX Info: Redefining \Relbar on input line 970.
\c@MaxMatrixCols=\count313
\dotsspace@=\muskip17
\c@parentequation=\count314
\dspbrk@lvl=\count315
\tag@help=\toks21
\row@=\count316
\column@=\count317
\maxfields@=\count318
\andhelp@=\toks22
\eqnshift@=\dimen168
\alignsep@=\dimen169
\tagshift@=\dimen170
\tagwidth@=\dimen171
\totwidth@=\dimen172
\lineht@=\dimen173
\@envbody=\toks23
\multlinegap=\skip61
\multlinetaggap=\skip62
\mathdisplay@stack=\toks24
LaTeX Info: Redefining \[ on input line 2950.
LaTeX Info: Redefining \] on input line 2951.
)
(c:/texlive/2025/texmf-dist/tex/latex/amsfonts/amssymb.sty
Package: amssymb 2013/01/14 v3.01 AMS font symbols

(c:/texlive/2025/texmf-dist/tex/latex/amsfonts/amsfonts.sty
Package: amsfonts 2013/01/14 v3.01 Basic AMSFonts support
\symAMSa=\mathgroup4
\symAMSb=\mathgroup5
LaTeX Font Info:    Redeclaring math symbol \hbar on input line 98.
LaTeX Font Info:    Overwriting math alphabet `\mathfrak' in version `bold'
(Font)                  U/euf/m/n --> U/euf/b/n on input line 106.
))
(c:/texlive/2025/texmf-dist/tex/latex/booktabs/booktabs.sty
Package: booktabs 2020/01/12 v1.61803398 Publication quality tables
\heavyrulewidth=\dimen174
\lightrulewidth=\dimen175
\cmidrulewidth=\dimen176
\belowrulesep=\dimen177
\belowbottomsep=\dimen178
\aboverulesep=\dimen179
\abovetopsep=\dimen180
\cmidrulesep=\dimen181
\cmidrulekern=\dimen182
\defaultaddspace=\dimen183
\@cmidla=\count319
\@cmidlb=\count320
\@aboverulesep=\dimen184
\@belowrulesep=\dimen185
\@thisruleclass=\count321
\@lastruleclass=\count322
\@thisrulewidth=\dimen186
)
(c:/texlive/2025/texmf-dist/tex/latex/graphics/color.sty
Package: color 2025/01/14 v1.3e Standard LaTeX Color (DPC)

(c:/texlive/2025/texmf-dist/tex/latex/graphics-cfg/color.cfg
File: color.cfg 2016/01/02 v1.6 sample color configuration
)
Package color Info: Driver file: luatex.def on input line 149.

(c:/texlive/2025/texmf-dist/tex/latex/graphics-def/luatex.def
File: luatex.def 2025/09/29 v1.2f Graphics/color driver for luatex
)
(c:/texlive/2025/texmf-dist/tex/latex/graphics/mathcolor.ltx))
(c:/texlive/2025/texmf-dist/tex/latex/colortbl/colortbl.sty
Package: colortbl 2024/10/29 v1.0k Color table columns (DPC)
\everycr=\toks25
\minrowclearance=\skip63
\rownum=\count323
)
(c:/texlive/2025/texmf-dist/tex/generic/hologo/hologo.sty
Package: hologo 2025-11-11 v1.16 A logo collection with bookmark support (HO)

(c:/texlive/2025/texmf-dist/tex/generic/ltxcmds/ltxcmds.sty
Package: ltxcmds 2023-12-04 v1.26 LaTeX kernel commands for general use (HO)
)
(c:/texlive/2025/texmf-dist/tex/latex/kvsetkeys/kvsetkeys.sty
Package: kvsetkeys 2022-10-05 v1.19 Key value parser (HO)
)
(c:/texlive/2025/texmf-dist/tex/generic/kvdefinekeys/kvdefinekeys.sty
Package: kvdefinekeys 2019-12-19 v1.6 Define keys (HO)
)
(c:/texlive/2025/texmf-dist/tex/generic/pdftexcmds/pdftexcmds.sty
Package: pdftexcmds 2020-06-27 v0.33 Utility functions of pdfTeX for LuaTeX (HO
)

(c:/texlive/2025/texmf-dist/tex/generic/iftex/iftex.sty
Package: iftex 2024/12/12 v1.0g TeX engine tests
)
Package pdftexcmds Info: \pdf@primitive is available.
Package pdftexcmds Info: \pdf@ifprimitive is available.
Package pdftexcmds Info: \pdfdraftmode found.
\pdftexcmds@toks=\toks26
)
(c:/texlive/2025/texmf-dist/tex/latex/kvoptions/kvoptions.sty
Package: kvoptions 2022-06-15 v3.15 Key value format for package options (HO)

(c:/texlive/2025/texmf-dist/tex/latex/graphics/keyval.sty
Package: keyval 2022/05/29 v1.15 key=value parser (DPC)
\KV@toks@=\toks27
))
Package hologo Info: Using driver `pdftex'.
)
(c:/texlive/2025/texmf-dist/tex/latex/enumitem/enumitem.sty
Package: enumitem 2025/02/06 v3.11 Customized lists
\labelindent=\skip64
\enit@outerparindent=\dimen187
\enit@toks=\toks28
\enit@inbox=\box110
\enit@count@id=\count324
\enitdp@description=\count325
)
(c:/texlive/2025/texmf-dist/tex/latex/psnfss/pifont.sty
Package: pifont 2020/03/25 PSNFSS-v9.3 Pi font support (SPQR) 
LaTeX Font Info:    Trying to load font information for U+pzd on input line 63.


(c:/texlive/2025/texmf-dist/tex/latex/psnfss/upzd.fd
File: upzd.fd 2001/06/04 font definitions for U/pzd.
)
LaTeX Font Info:    Trying to load font information for U+psy on input line 64.


(c:/texlive/2025/texmf-dist/tex/latex/psnfss/upsy.fd
File: upsy.fd 2001/06/04 font definitions for U/psy.
))
(c:/texlive/2025/texmf-dist/tex/latex/base/textcomp.sty
Package: textcomp 2024/04/24 v2.1b Standard LaTeX package
)
(c:/texlive/2025/texmf-dist/tex/latex/tools/trace.sty
Package: trace 2021/04/18 v1.1f trace LaTeX code
)
(c:/texlive/2025/texmf-dist/tex/latex/csquotes/csquotes.sty
Package: csquotes 2024-04-04 v5.2o context-sensitive quotations (JAW)

(c:/texlive/2025/texmf-dist/tex/latex/etoolbox/etoolbox.sty
Package: etoolbox 2025/10/02 v2.5m e-TeX tools for LaTeX (JAW)
\etb@tempcnta=\count326
)
\csq@reset=\count327
\csq@gtype=\count328
\csq@glevel=\count329
\csq@qlevel=\count330
\csq@maxlvl=\count331
\csq@tshold=\count332
\csq@ltx@everypar=\toks29

(c:/texlive/2025/texmf-dist/tex/latex/csquotes/csquotes.def
File: csquotes.def 2024-04-04 v5.2o csquotes generic definitions (JAW)
)
Package csquotes Info: Trying to load configuration file 'csquotes.cfg'...
Package csquotes Info: ... configuration file loaded successfully.

(c:/texlive/2025/texmf-dist/tex/latex/csquotes/csquotes.cfg
File: csquotes.cfg 
))
(c:/texlive/2025/texmf-dist/tex/latex/fancyvrb/fancyvrb.sty
Package: fancyvrb 2025/07/28 4.6 verbatim text (tvz,hv)
\FV@CodeLineNo=\count333
\FV@InFile=\read2
\FV@TabBox=\box111
\c@FancyVerbLine=\count334
\FV@StepNumber=\count335
\FV@OutFile=\write3
)
(c:/texlive/2025/texmf-dist/tex/latex/underscore/underscore.sty
Package: underscore 2006/09/13
LaTeX Info: Redefining \_ on input line 42.
)
==> First Aid for underscore.sty applied!
(c:/texlive/2025/texmf-dist/tex/latex/firstaid/underscore-ltx.sty
Package: underscore-ltx 2023/09/20 LaTeX firstaid to make underscore protected 

)
(c:/texlive/2025/texmf-dist/tex/latex/tools/verbatim.sty
Package: verbatim 2024-01-22 v1.5x LaTeX2e package for verbatim enhancements
\every@verbatim=\toks30
\verbatim@line=\toks31
\verbatim@in@stream=\read3
)
(c:/texlive/2025/texmf-dist/tex/latex/hypdoc/hypdoc.sty
Package: hypdoc 2023-10-26 v1.19 Hyper extensions for doc.sty (HO)

(c:/texlive/2025/texmf-dist/tex/latex/base/atveryend-ltx.sty
Package: atveryend-ltx 2020/08/19 v1.0a Emulation of the original atveryend pac
kage
with kernel methods
)
(c:/texlive/2025/texmf-dist/tex/latex/hyperref/hyperref.sty
Package: hyperref 2025-07-12 v7.01o Hypertext links for LaTeX

(c:/texlive/2025/texmf-dist/tex/generic/pdfescape/pdfescape.sty
Package: pdfescape 2019/12/09 v1.15 Implements pdfTeX's escape features (HO)
)
(c:/texlive/2025/texmf-dist/tex/latex/hycolor/hycolor.sty
Package: hycolor 2020-01-27 v1.10 Color options for hyperref/bookmark (HO)
)
(c:/texlive/2025/texmf-dist/tex/latex/hyperref/nameref.sty
Package: nameref 2025-06-21 v2.57 Cross-referencing by name of section

(c:/texlive/2025/texmf-dist/tex/latex/refcount/refcount.sty
Package: refcount 2019/12/15 v3.6 Data extraction from label references (HO)
)
(c:/texlive/2025/texmf-dist/tex/generic/gettitlestring/gettitlestring.sty
Package: gettitlestring 2019/12/15 v1.6 Cleanup title references (HO)
)
\c@section@level=\count336
)
(c:/texlive/2025/texmf-dist/tex/generic/stringenc/stringenc.sty
Package: stringenc 2019/11/29 v1.12 Convert strings between diff. encodings (HO
)
)
\@linkdim=\dimen188
\Hy@linkcounter=\count337
\Hy@pagecounter=\count338

(c:/texlive/2025/texmf-dist/tex/latex/hyperref/pd1enc.def
File: pd1enc.def 2025-07-12 v7.01o Hyperref: PDFDocEncoding definition (HO)
)
\Hy@SavedSpaceFactor=\count339

(c:/texlive/2025/texmf-dist/tex/latex/hyperref/puenc.def
File: puenc.def 2025-07-12 v7.01o Hyperref: PDF Unicode definition (HO)
)
Package hyperref Info: Option `hyperindex' set `false' on input line 4066.
Package hyperref Info: Option `pdfusetitle' set `true' on input line 4066.
Package hyperref Info: Hyper figures OFF on input line 4195.
Package hyperref Info: Link nesting OFF on input line 4200.
Package hyperref Info: Hyper index OFF on input line 4205.
Package hyperref Info: Plain pages OFF on input line 4210.
Package hyperref Info: Backreferencing OFF on input line 4215.
Package hyperref Info: Implicit mode ON; LaTeX internals redefined.
Package hyperref Info: Bookmarks ON on input line 4462.
\c@Hy@tempcnt=\count340

(c:/texlive/2025/texmf-dist/tex/latex/url/url.sty
\Urlmuskip=\muskip18
Package: url 2013/09/16  ver 3.4  Verb mode for urls, etc.
)
LaTeX Info: Redefining \url on input line 4801.
\XeTeXLinkMargin=\dimen189

(c:/texlive/2025/texmf-dist/tex/generic/bitset/bitset.sty
Package: bitset 2019/12/09 v1.3 Handle bit-vector datatype (HO)

(c:/texlive/2025/texmf-dist/tex/generic/bigintcalc/bigintcalc.sty
Package: bigintcalc 2019/12/15 v1.5 Expandable calculations on big integers (HO
)
))
\Fld@menulength=\count341
\Field@Width=\dimen190
\Fld@charsize=\dimen191
Package hyperref Info: Hyper figures OFF on input line 6078.
Package hyperref Info: Link nesting OFF on input line 6083.
Package hyperref Info: Hyper index OFF on input line 6088.
Package hyperref Info: backreferencing OFF on input line 6093.
Package hyperref Info: Link coloring OFF on input line 6098.
Package hyperref Info: Link coloring with OCG OFF on input line 6103.
Package hyperref Info: PDF/A mode OFF on input line 6108.
\Hy@abspage=\count342
\c@Item=\count343
\c@Hfootnote=\count344
)
Package hyperref Info: Driver (autodetected): hluatex.

(c:/texlive/2025/texmf-dist/tex/latex/hyperref/hluatex.def
File: hluatex.def 2025-07-12 v7.01o Hyperref driver for luaTeX
\Fld@listcount=\count345
\c@bookmark@seq@number=\count346

(c:/texlive/2025/texmf-dist/tex/latex/rerunfilecheck/rerunfilecheck.sty
Package: rerunfilecheck 2025-06-21 v1.11 Rerun checks for auxiliary files (HO)

(c:/texlive/2025/texmf-dist/tex/generic/uniquecounter/uniquecounter.sty
Package: uniquecounter 2019/12/15 v1.4 Provide unlimited unique counter (HO)
)
Package uniquecounter Info: New unique counter `rerunfilecheck' on input line 2
84.
)
\Hy@SectionHShift=\skip65
)
Package hyperref Info: Option `colorlinks' set `true' on input line 75.
Package hyperref Info: Option `plainpages' set `false' on input line 75.
Package hyperref Info: Option `bookmarksopen' set `true' on input line 75.
Package hyperref Info: Option `bookmarksnumbered' set `true' on input line 75.
\c@HD@unique=\count347
\c@HD@hypercount=\count348
\HD@helplength=\skip66
)
\l__codedoc_syntax_dim=\dimen192
\@glossaryfile=\write4

\openout4 = intexgral-fr.glo

Writing glossary file intexgral-fr.glo 
\@indexfile=\write5

\openout5 = intexgral-fr.idx
Writing index file intexgral-fr.idx
) (c:/texlive/2025/texmf-dist/tex/latex/fontspec/fontspec.sty
(c:/texlive/2025/texmf-dist/tex/latex/l3packages/xparse/xparse.sty
(c:/texlive/2025/texmf-dist/tex/latex/l3kernel/expl3.sty
Package: expl3 2025-11-14 L3 programming layer (loader) 

(c:/texlive/2025/texmf-dist/tex/latex/l3backend/l3backend-luatex.def
File: l3backend-luatex.def 2025-10-09 L3 backend support: PDF output (LuaTeX)
\l__color_backend_stack_int=\count349
Inserting `l3color' in `luaotfload.parse_color'.))
Package: xparse 2025-10-09 L3 Experimental document command parser
)
Package: fontspec 2025/09/29 v2.9g Font selection for XeLaTeX and LuaLaTeX
Lua module: fontspec 2025/09/29 v2.9g Font selection for XeLaTeX and LuaLaTeX
(c:/texlive/2025/texmf-dist/tex/latex/fontspec/fontspec-luatex.sty
Package: fontspec-luatex 2025/09/29 v2.9g Font selection for XeLaTeX and LuaLaT
eX
\l__fontspec_script_int=\count350
\l__fontspec_language_int=\count351
\l__fontspec_strnum_int=\count352
\l__fontspec_tmp_int=\count353
\l__fontspec_tmpa_int=\count354
\l__fontspec_tmpb_int=\count355
\l__fontspec_tmpc_int=\count356
\l__fontspec_em_int=\count357
\l__fontspec_emdef_int=\count358
\l__fontspec_strong_int=\count359
\l__fontspec_strongdef_int=\count360
\l__fontspec_tmpa_dim=\dimen193
\l__fontspec_tmpb_dim=\dimen194
\l__fontspec_tmpc_dim=\dimen195

(c:/texlive/2025/texmf-dist/tex/latex/base/fontenc.sty
Package: fontenc 2025/07/18 v2.1d Standard LaTeX package
)
(c:/texlive/2025/texmf-dist/tex/latex/fontspec/fontspec.cfg)))
(c:/texlive/2025/texmf-dist/tex/latex/unicode-math/unicode-math.sty
Package: unicode-math 2023/08/13 v0.8r Unicode maths in XeLaTeX and LuaLaTeX

(c:/texlive/2025/texmf-dist/tex/latex/unicode-math/unicode-math-luatex.sty
Package: unicode-math-luatex 2023/08/13 v0.8r Unicode maths in XeLaTeX and LuaL
aTeX

(c:/texlive/2025/texmf-dist/tex/latex/l3packages/l3keys2e/l3keys2e.sty
Package: l3keys2e 2025-10-09 LaTeX2e option processing using LaTeX3 keys
)
(c:/texlive/2025/texmf-dist/tex/latex/base/fix-cm.sty
Package: fix-cm 2020/11/24 v1.1t fixes to LaTeX

(c:/texlive/2025/texmf-dist/tex/latex/base/ts1enc.def
File: ts1enc.def 2001/06/05 v3.0e (jk/car/fm) Standard LaTeX file
LaTeX Font Info:    Redeclaring font encoding TS1 on input line 47.
LaTeX Encoding Info:    Redeclaring text command \capitalcedilla (encoding TS1)
 on input line 49.
LaTeX Encoding Info:    Redeclaring text command \capitalogonek (encoding TS1) 
on input line 52.
LaTeX Encoding Info:    Redeclaring text command \capitalgrave (encoding TS1) o
n input line 55.
LaTeX Encoding Info:    Redeclaring text command \capitalacute (encoding TS1) o
n input line 56.
LaTeX Encoding Info:    Redeclaring text command \capitalcircumflex (encoding T
S1) on input line 57.
LaTeX Encoding Info:    Redeclaring text command \capitaltilde (encoding TS1) o
n input line 58.
LaTeX Encoding Info:    Redeclaring text command \capitaldieresis (encoding TS1
) on input line 59.
LaTeX Encoding Info:    Redeclaring text command \capitalhungarumlaut (encoding
 TS1) on input line 60.
LaTeX Encoding Info:    Redeclaring text command \capitalring (encoding TS1) on
 input line 61.
LaTeX Encoding Info:    Redeclaring text command \capitalcaron (encoding TS1) o
n input line 62.
LaTeX Encoding Info:    Redeclaring text command \capitalbreve (encoding TS1) o
n input line 63.
LaTeX Encoding Info:    Redeclaring text command \capitalmacron (encoding TS1) 
on input line 64.
LaTeX Encoding Info:    Redeclaring text command \capitaldotaccent (encoding TS
1) on input line 65.
LaTeX Encoding Info:    Redeclaring text command \t (encoding TS1) on input lin
e 66.
LaTeX Encoding Info:    Redeclaring text command \capitaltie (encoding TS1) on 
input line 67.
LaTeX Encoding Info:    Redeclaring text command \newtie (encoding TS1) on inpu
t line 68.
LaTeX Encoding Info:    Redeclaring text command \capitalnewtie (encoding TS1) 
on input line 69.
LaTeX Encoding Info:    Redeclaring text symbol \textcapitalcompwordmark (encod
ing TS1) on input line 70.
LaTeX Encoding Info:    Redeclaring text symbol \textascendercompwordmark (enco
ding TS1) on input line 71.
LaTeX Encoding Info:    Redeclaring text symbol \textquotestraightbase (encodin
g TS1) on input line 72.
LaTeX Encoding Info:    Redeclaring text symbol \textquotestraightdblbase (enco
ding TS1) on input line 73.
LaTeX Encoding Info:    Redeclaring text symbol \texttwelveudash (encoding TS1)
 on input line 74.
LaTeX Encoding Info:    Redeclaring text symbol \textthreequartersemdash (encod
ing TS1) on input line 75.
LaTeX Encoding Info:    Redeclaring text symbol \textleftarrow (encoding TS1) o
n input line 76.
LaTeX Encoding Info:    Redeclaring text symbol \textrightarrow (encoding TS1) 
on input line 77.
LaTeX Encoding Info:    Redeclaring text symbol \textblank (encoding TS1) on in
put line 78.
LaTeX Encoding Info:    Redeclaring text symbol \textdollar (encoding TS1) on i
nput line 79.
LaTeX Encoding Info:    Redeclaring text symbol \textquotesingle (encoding TS1)
 on input line 80.
LaTeX Encoding Info:    Redeclaring text command \textasteriskcentered (encodin
g TS1) on input line 81.
LaTeX Encoding Info:    Redeclaring text symbol \textdblhyphen (encoding TS1) o
n input line 92.
LaTeX Encoding Info:    Redeclaring text symbol \textfractionsolidus (encoding 
TS1) on input line 93.
LaTeX Encoding Info:    Redeclaring text symbol \textzerooldstyle (encoding TS1
) on input line 94.
LaTeX Encoding Info:    Redeclaring text symbol \textoneoldstyle (encoding TS1)
 on input line 95.
LaTeX Encoding Info:    Redeclaring text symbol \texttwooldstyle (encoding TS1)
 on input line 96.
LaTeX Encoding Info:    Redeclaring text symbol \textthreeoldstyle (encoding TS
1) on input line 97.
LaTeX Encoding Info:    Redeclaring text symbol \textfouroldstyle (encoding TS1
) on input line 98.
LaTeX Encoding Info:    Redeclaring text symbol \textfiveoldstyle (encoding TS1
) on input line 99.
LaTeX Encoding Info:    Redeclaring text symbol \textsixoldstyle (encoding TS1)
 on input line 100.
LaTeX Encoding Info:    Redeclaring text symbol \textsevenoldstyle (encoding TS
1) on input line 101.
LaTeX Encoding Info:    Redeclaring text symbol \texteightoldstyle (encoding TS
1) on input line 102.
LaTeX Encoding Info:    Redeclaring text symbol \textnineoldstyle (encoding TS1
) on input line 103.
LaTeX Encoding Info:    Redeclaring text symbol \textlangle (encoding TS1) on i
nput line 104.
LaTeX Encoding Info:    Redeclaring text symbol \textminus (encoding TS1) on in
put line 105.
LaTeX Encoding Info:    Redeclaring text symbol \textrangle (encoding TS1) on i
nput line 106.
LaTeX Encoding Info:    Redeclaring text symbol \textmho (encoding TS1) on inpu
t line 107.
LaTeX Encoding Info:    Redeclaring text symbol \textbigcircle (encoding TS1) o
n input line 108.
LaTeX Encoding Info:    Redeclaring text command \textcircled (encoding TS1) on
 input line 109.
LaTeX Encoding Info:    Redeclaring text symbol \textohm (encoding TS1) on inpu
t line 115.
LaTeX Encoding Info:    Redeclaring text symbol \textlbrackdbl (encoding TS1) o
n input line 116.
LaTeX Encoding Info:    Redeclaring text symbol \textrbrackdbl (encoding TS1) o
n input line 117.
LaTeX Encoding Info:    Redeclaring text symbol \textuparrow (encoding TS1) on 
input line 118.
LaTeX Encoding Info:    Redeclaring text symbol \textdownarrow (encoding TS1) o
n input line 119.
LaTeX Encoding Info:    Redeclaring text symbol \textasciigrave (encoding TS1) 
on input line 120.
LaTeX Encoding Info:    Redeclaring text symbol \textborn (encoding TS1) on inp
ut line 121.
LaTeX Encoding Info:    Redeclaring text symbol \textdivorced (encoding TS1) on
 input line 122.
LaTeX Encoding Info:    Redeclaring text symbol \textdied (encoding TS1) on inp
ut line 123.
LaTeX Encoding Info:    Redeclaring text symbol \textleaf (encoding TS1) on inp
ut line 124.
LaTeX Encoding Info:    Redeclaring text symbol \textmarried (encoding TS1) on 
input line 125.
LaTeX Encoding Info:    Redeclaring text symbol \textmusicalnote (encoding TS1)
 on input line 126.
LaTeX Encoding Info:    Redeclaring text symbol \texttildelow (encoding TS1) on
 input line 127.
LaTeX Encoding Info:    Redeclaring text symbol \textdblhyphenchar (encoding TS
1) on input line 128.
LaTeX Encoding Info:    Redeclaring text symbol \textasciibreve (encoding TS1) 
on input line 129.
LaTeX Encoding Info:    Redeclaring text symbol \textasciicaron (encoding TS1) 
on input line 130.
LaTeX Encoding Info:    Redeclaring text symbol \textacutedbl (encoding TS1) on
 input line 131.
LaTeX Encoding Info:    Redeclaring text symbol \textgravedbl (encoding TS1) on
 input line 132.
LaTeX Encoding Info:    Redeclaring text symbol \textdagger (encoding TS1) on i
nput line 133.
LaTeX Encoding Info:    Redeclaring text symbol \textdaggerdbl (encoding TS1) o
n input line 134.
LaTeX Encoding Info:    Redeclaring text symbol \textbardbl (encoding TS1) on i
nput line 135.
LaTeX Encoding Info:    Redeclaring text symbol \textperthousand (encoding TS1)
 on input line 136.
LaTeX Encoding Info:    Redeclaring text symbol \textbullet (encoding TS1) on i
nput line 137.
LaTeX Encoding Info:    Redeclaring text symbol \textcelsius (encoding TS1) on 
input line 138.
LaTeX Encoding Info:    Redeclaring text symbol \textdollaroldstyle (encoding T
S1) on input line 139.
LaTeX Encoding Info:    Redeclaring text symbol \textcentoldstyle (encoding TS1
) on input line 140.
LaTeX Encoding Info:    Redeclaring text symbol \textflorin (encoding TS1) on i
nput line 141.
LaTeX Encoding Info:    Redeclaring text symbol \textcolonmonetary (encoding TS
1) on input line 142.
LaTeX Encoding Info:    Redeclaring text symbol \textwon (encoding TS1) on inpu
t line 143.
LaTeX Encoding Info:    Redeclaring text symbol \textnaira (encoding TS1) on in
put line 144.
LaTeX Encoding Info:    Redeclaring text symbol \textguarani (encoding TS1) on 
input line 145.
LaTeX Encoding Info:    Redeclaring text symbol \textpeso (encoding TS1) on inp
ut line 146.
LaTeX Encoding Info:    Redeclaring text symbol \textlira (encoding TS1) on inp
ut line 147.
LaTeX Encoding Info:    Redeclaring text symbol \textrecipe (encoding TS1) on i
nput line 148.
LaTeX Encoding Info:    Redeclaring text symbol \textinterrobang (encoding TS1)
 on input line 149.
LaTeX Encoding Info:    Redeclaring text symbol \textinterrobangdown (encoding 
TS1) on input line 150.
LaTeX Encoding Info:    Redeclaring text symbol \textdong (encoding TS1) on inp
ut line 151.
LaTeX Encoding Info:    Redeclaring text symbol \texttrademark (encoding TS1) o
n input line 152.
LaTeX Encoding Info:    Redeclaring text symbol \textpertenthousand (encoding T
S1) on input line 153.
LaTeX Encoding Info:    Redeclaring text symbol \textpilcrow (encoding TS1) on 
input line 154.
LaTeX Encoding Info:    Redeclaring text symbol \textbaht (encoding TS1) on inp
ut line 155.
LaTeX Encoding Info:    Redeclaring text symbol \textnumero (encoding TS1) on i
nput line 156.
LaTeX Encoding Info:    Redeclaring text symbol \textdiscount (encoding TS1) on
 input line 157.
LaTeX Encoding Info:    Redeclaring text symbol \textestimated (encoding TS1) o
n input line 158.
LaTeX Encoding Info:    Redeclaring text symbol \textopenbullet (encoding TS1) 
on input line 159.
LaTeX Encoding Info:    Redeclaring text symbol \textservicemark (encoding TS1)
 on input line 160.
LaTeX Encoding Info:    Redeclaring text symbol \textlquill (encoding TS1) on i
nput line 161.
LaTeX Encoding Info:    Redeclaring text symbol \textrquill (encoding TS1) on i
nput line 162.
LaTeX Encoding Info:    Redeclaring text symbol \textcent (encoding TS1) on inp
ut line 163.
LaTeX Encoding Info:    Redeclaring text symbol \textsterling (encoding TS1) on
 input line 164.
LaTeX Encoding Info:    Redeclaring text symbol \textcurrency (encoding TS1) on
 input line 165.
LaTeX Encoding Info:    Redeclaring text symbol \textyen (encoding TS1) on inpu
t line 166.
LaTeX Encoding Info:    Redeclaring text symbol \textbrokenbar (encoding TS1) o
n input line 167.
LaTeX Encoding Info:    Redeclaring text symbol \textsection (encoding TS1) on 
input line 168.
LaTeX Encoding Info:    Redeclaring text symbol \textasciidieresis (encoding TS
1) on input line 169.
LaTeX Encoding Info:    Redeclaring text symbol \textcopyright (encoding TS1) o
n input line 170.
LaTeX Encoding Info:    Redeclaring text symbol \textordfeminine (encoding TS1)
 on input line 171.
LaTeX Encoding Info:    Redeclaring text symbol \textcopyleft (encoding TS1) on
 input line 172.
LaTeX Encoding Info:    Redeclaring text symbol \textlnot (encoding TS1) on inp
ut line 173.
LaTeX Encoding Info:    Redeclaring text symbol \textcircledP (encoding TS1) on
 input line 174.
LaTeX Encoding Info:    Redeclaring text symbol \textregistered (encoding TS1) 
on input line 175.
LaTeX Encoding Info:    Redeclaring text symbol \textasciimacron (encoding TS1)
 on input line 176.
LaTeX Encoding Info:    Redeclaring text symbol \textdegree (encoding TS1) on i
nput line 177.
LaTeX Encoding Info:    Redeclaring text symbol \textpm (encoding TS1) on input
 line 178.
LaTeX Encoding Info:    Redeclaring text symbol \texttwosuperior (encoding TS1)
 on input line 179.
LaTeX Encoding Info:    Redeclaring text symbol \textthreesuperior (encoding TS
1) on input line 180.
LaTeX Encoding Info:    Redeclaring text symbol \textasciiacute (encoding TS1) 
on input line 181.
LaTeX Encoding Info:    Redeclaring text symbol \textmu (encoding TS1) on input
 line 182.
LaTeX Encoding Info:    Redeclaring text symbol \textparagraph (encoding TS1) o
n input line 183.
LaTeX Encoding Info:    Redeclaring text symbol \textperiodcentered (encoding T
S1) on input line 184.
LaTeX Encoding Info:    Redeclaring text symbol \textreferencemark (encoding TS
1) on input line 185.
LaTeX Encoding Info:    Redeclaring text symbol \textonesuperior (encoding TS1)
 on input line 186.
LaTeX Encoding Info:    Redeclaring text symbol \textordmasculine (encoding TS1
) on input line 187.
LaTeX Encoding Info:    Redeclaring text symbol \textsurd (encoding TS1) on inp
ut line 188.
LaTeX Encoding Info:    Redeclaring text symbol \textonequarter (encoding TS1) 
on input line 189.
LaTeX Encoding Info:    Redeclaring text symbol \textonehalf (encoding TS1) on 
input line 190.
LaTeX Encoding Info:    Redeclaring text symbol \textthreequarters (encoding TS
1) on input line 191.
LaTeX Encoding Info:    Redeclaring text symbol \texteuro (encoding TS1) on inp
ut line 192.
LaTeX Encoding Info:    Redeclaring text symbol \texttimes (encoding TS1) on in
put line 193.
LaTeX Encoding Info:    Redeclaring text symbol \textdiv (encoding TS1) on inpu
t line 194.
))
(c:/texlive/2025/texmf-dist/tex/lualatex/lualatex-math/lualatex-math.sty
Package: lualatex-math 2022/01/01 v1.12 Patches for mathematics typesetting wit
h LuaLaTeX
Lua module: lualatex-math 2013/08/03 v1.3 Patches for mathematics typesetting wi
th LuaLaTeX)
\g__um_fam_int=\count361
\g__um_fonts_used_int=\count362
\l__um_primecount_int=\count363
\g__um_primekern_muskip=\muskip19

(c:/texlive/2025/texmf-dist/tex/latex/unicode-math/unicode-math-table.tex)))

Package fontspec Info: 
(fontspec)             Font family 'ChronicleTextG3(0)' created for font
(fontspec)             'ChronicleTextG3' with options [Ligatures=TeX,Extension
(fontspec)             = .otf,UprightFont = *-Roman-Pro,ItalicFont =
(fontspec)             *-Italic-Pro,BoldFont = *-Bold-Pro,BoldItalicFont =
(fontspec)             *-BoldIta-Pro].
(fontspec)              
(fontspec)              This font family consists of the following NFSS
(fontspec)             series/shapes:
(fontspec)              
(fontspec)             - 'normal' (m/n) with NFSS spec.:
(fontspec)             <->"[ChronicleTextG3-Roman-Pro.otf]:mode=node;script=lat
n;language=dflt;+tlig;"
(fontspec)             - 'small caps'  (m/sc) with NFSS spec.:
(fontspec)             <->"[ChronicleTextG3-Roman-Pro.otf]:mode=node;script=lat
n;language=dflt;+tlig;+smcp;"
(fontspec)             - 'bold' (b/n) with NFSS spec.:
(fontspec)             <->"[ChronicleTextG3-Bold-Pro.otf]:mode=node;script=latn
;language=dflt;+tlig;"
(fontspec)             - 'bold small caps'  (b/sc) with NFSS spec.:
(fontspec)             <->"[ChronicleTextG3-Bold-Pro.otf]:mode=node;script=latn
;language=dflt;+tlig;+smcp;"
(fontspec)             - 'italic' (m/it) with NFSS spec.:
(fontspec)             <->"[ChronicleTextG3-Italic-Pro.otf]:mode=node;script=la
tn;language=dflt;+tlig;"
(fontspec)             - 'bold italic' (b/it) with NFSS spec.:
(fontspec)             <->"[ChronicleTextG3-BoldIta-Pro.otf]:mode=node;script=l
atn;language=dflt;+tlig;"


Package fontspec Info: 
(fontspec)             Font family 'ChronicleTextG3(1)' created for font
(fontspec)             'ChronicleTextG3' with options
(fontspec)             [Renderer=Basic,Extension = .otf,UprightFont =
(fontspec)             *-Roman-Pro,ItalicFont = *-Italic-Pro,BoldFont =
(fontspec)             *-Bold-Pro,BoldItalicFont = *-BoldIta-Pro].
(fontspec)              
(fontspec)              This font family consists of the following NFSS
(fontspec)             series/shapes:
(fontspec)              
(fontspec)             - 'normal' (m/n) with NFSS spec.:
(fontspec)             <->"[ChronicleTextG3-Roman-Pro.otf]:mode=base;script=lat
n;language=dflt;"
(fontspec)             - 'small caps'  (m/sc) with NFSS spec.:
(fontspec)             <->"[ChronicleTextG3-Roman-Pro.otf]:mode=base;script=lat
n;language=dflt;+smcp;"
(fontspec)             - 'bold' (b/n) with NFSS spec.:
(fontspec)             <->"[ChronicleTextG3-Bold-Pro.otf]:mode=base;script=latn
;language=dflt;"
(fontspec)             - 'bold small caps'  (b/sc) with NFSS spec.:
(fontspec)             <->"[ChronicleTextG3-Bold-Pro.otf]:mode=base;script=latn
;language=dflt;+smcp;"
(fontspec)             - 'italic' (m/it) with NFSS spec.:
(fontspec)             <->"[ChronicleTextG3-Italic-Pro.otf]:mode=base;script=la
tn;language=dflt;"
(fontspec)             - 'bold italic' (b/it) with NFSS spec.:
(fontspec)             <->"[ChronicleTextG3-BoldIta-Pro.otf]:mode=base;script=l
atn;language=dflt;"

LaTeX Font Info:    Overwriting math alphabet `\mathrm' in version `normal'
(Font)                  OT1/cmr/m/n --> TU/ChronicleTextG3(1)/m/n on input line
 40.
LaTeX Font Info:    Overwriting math alphabet `\mathit' in version `normal'
(Font)                  OT1/cmr/m/it --> TU/ChronicleTextG3(1)/m/it on input li
ne 40.
LaTeX Font Info:    Overwriting math alphabet `\mathbf' in version `normal'
(Font)                  OT1/cmr/bx/n --> TU/ChronicleTextG3(1)/b/n on input lin
e 40.

Package fontspec Info: 
(fontspec)             Font family 'Whitney(0)' created for font 'Whitney'
(fontspec)             with options [Ligatures=TeX,Extension =
(fontspec)             .otf,UprightFont = *-Medium,ItalicFont =
(fontspec)             *-MediumItalic,BoldFont = *-Bold,BoldItalicFont =
(fontspec)             *-BoldItalic,UprightFeatures = { StylisticSet = 1,
(fontspec)             StylisticSet = 10, StylisticSet = 11, },BoldFeatures =
(fontspec)             { StylisticSet = 1, StylisticSet = 10, StylisticSet =
(fontspec)             11, },ItalicFeatures = { StylisticSet = 1, StylisticSet
(fontspec)             = 10, StylisticSet = 11, StylisticSet = 8, StylisticSet
(fontspec)             = 9 }].
(fontspec)              
(fontspec)              This font family consists of the following NFSS
(fontspec)             series/shapes:
(fontspec)              
(fontspec)             - 'normal' (m/n) with NFSS spec.:
(fontspec)             <->"[Whitney-Medium.otf]:mode=node;script=latn;language=
dflt;+tlig;+ss01;+ss10;+ss11;"
(fontspec)             - 'small caps'  (m/sc) with NFSS spec.:
(fontspec)             <->"[Whitney-Medium.otf]:mode=node;script=latn;language=
dflt;+tlig;+ss01;+ss10;+ss11;+smcp;"
(fontspec)             - 'bold' (b/n) with NFSS spec.:
(fontspec)             <->"[Whitney-Bold.otf]:mode=node;script=latn;language=df
lt;+tlig;+ss01;+ss10;+ss11;"
(fontspec)             - 'bold small caps'  (b/sc) with NFSS spec.:
(fontspec)             <->"[Whitney-Bold.otf]:mode=node;script=latn;language=df
lt;+tlig;+ss01;+ss10;+ss11;+smcp;"
(fontspec)             - 'italic' (m/it) with NFSS spec.:
(fontspec)             <->"[Whitney-MediumItalic.otf]:mode=node;script=latn;lan
guage=dflt;+tlig;+ss01;+ss10;+ss11;+ss08;+ss09;"
(fontspec)             - 'italic small caps'  (m/scit) with NFSS spec.:
(fontspec)             <->"[Whitney-MediumItalic.otf]:mode=node;script=latn;lan
guage=dflt;+tlig;+ss01;+ss10;+ss11;+ss08;+ss09;+smcp;"
(fontspec)             - 'bold italic' (b/it) with NFSS spec.:
(fontspec)             <->"[Whitney-BoldItalic.otf]:mode=node;script=latn;langu
age=dflt;+tlig;"
(fontspec)             - 'bold italic small caps'  (b/scit) with NFSS spec.:
(fontspec)             <->"[Whitney-BoldItalic.otf]:mode=node;script=latn;langu
age=dflt;+tlig;+smcp;"


Package fontspec Info: 
(fontspec)             Font family 'Whitney(1)' created for font 'Whitney'
(fontspec)             with options [Renderer=Basic,Extension =
(fontspec)             .otf,UprightFont = *-Medium,ItalicFont =
(fontspec)             *-MediumItalic,BoldFont = *-Bold,BoldItalicFont =
(fontspec)             *-BoldItalic,UprightFeatures = { StylisticSet = 1,
(fontspec)             StylisticSet = 10, StylisticSet = 11, },BoldFeatures =
(fontspec)             { StylisticSet = 1, StylisticSet = 10, StylisticSet =
(fontspec)             11, },ItalicFeatures = { StylisticSet = 1, StylisticSet
(fontspec)             = 10, StylisticSet = 11, StylisticSet = 8, StylisticSet
(fontspec)             = 9 }].
(fontspec)              
(fontspec)              This font family consists of the following NFSS
(fontspec)             series/shapes:
(fontspec)              
(fontspec)             - 'normal' (m/n) with NFSS spec.:
(fontspec)             <->"[Whitney-Medium.otf]:mode=base;script=latn;language=
dflt;+ss01;+ss10;+ss11;"
(fontspec)             - 'small caps'  (m/sc) with NFSS spec.:
(fontspec)             <->"[Whitney-Medium.otf]:mode=base;script=latn;language=
dflt;+ss01;+ss10;+ss11;+smcp;"
(fontspec)             - 'bold' (b/n) with NFSS spec.:
(fontspec)             <->"[Whitney-Bold.otf]:mode=base;script=latn;language=df
lt;+ss01;+ss10;+ss11;"
(fontspec)             - 'bold small caps'  (b/sc) with NFSS spec.:
(fontspec)             <->"[Whitney-Bold.otf]:mode=base;script=latn;language=df
lt;+ss01;+ss10;+ss11;+smcp;"
(fontspec)             - 'italic' (m/it) with NFSS spec.:
(fontspec)             <->"[Whitney-MediumItalic.otf]:mode=base;script=latn;lan
guage=dflt;+ss01;+ss10;+ss11;+ss08;+ss09;"
(fontspec)             - 'italic small caps'  (m/scit) with NFSS spec.:
(fontspec)             <->"[Whitney-MediumItalic.otf]:mode=base;script=latn;lan
guage=dflt;+ss01;+ss10;+ss11;+ss08;+ss09;+smcp;"
(fontspec)             - 'bold italic' (b/it) with NFSS spec.:
(fontspec)             <->"[Whitney-BoldItalic.otf]:mode=base;script=latn;langu
age=dflt;"
(fontspec)             - 'bold italic small caps'  (b/scit) with NFSS spec.:
(fontspec)             <->"[Whitney-BoldItalic.otf]:mode=base;script=latn;langu
age=dflt;+smcp;"

LaTeX Font Info:    Overwriting math alphabet `\mathsf' in version `normal'
(Font)                  OT1/cmss/m/n --> TU/Whitney(1)/m/n on input line 68.
LaTeX Font Info:    Overwriting math alphabet `\mathsf' in version `bold'
(Font)                  OT1/cmss/bx/n --> TU/Whitney(1)/b/n on input line 68.

Package fontspec Info: 
(fontspec)             Font family 'Whitney-Semibold.otf(0)' created for font
(fontspec)             'Whitney-Semibold.otf' with options
(fontspec)             [BoldFont={},ItalicFont={},SmallCapsFont={}].
(fontspec)              
(fontspec)              This font family consists of the following NFSS
(fontspec)             series/shapes:
(fontspec)              
(fontspec)             - 'normal' (m/n) with NFSS spec.:
(fontspec)             <->"[Whitney-Semibold.otf]:mode=node;script=latn;languag
e=dflt;"


Package fontspec Info: 
(fontspec)             MonaspaceArgon-Medium scale = 0.8.


(c:/texlive/2025/texmf-dist/tex/latex/monaspace-otf/MonaspaceArgon-Medium.fonts
pec)

Package fontspec Info: 
(fontspec)             MonaspaceArgon-Medium scale = 0.8.


(c:/texlive/2025/texmf-dist/tex/latex/monaspace-otf/MonaspaceArgon-SemiBold.fon
tspec)

Package fontspec Info: 
(fontspec)             MonaspaceArgon-SemiBold scale = 0.8.


Package fontspec Info: 
(fontspec)             MonaspaceArgon-MediumItalic scale = 0.8.


Package fontspec Info: 
(fontspec)             MonaspaceArgon-SemiBoldItalic scale = 0.8.


Package fontspec Info: 
(fontspec)             Font family 'MonaspaceArgon(0)' created for font
(fontspec)             'MonaspaceArgon' with options
(fontspec)             [WordSpace={1,0,0},HyphenChar=None,PunctuationSpace=Word
Space,Scale
(fontspec)             = 0.8,Extension = .otf,UprightFont =
(fontspec)             *-Medium,UprightFeatures = { CharacterVariant =
(fontspec)             {1:0,31:1}, Ligatures = Common, Contextuals = Alternate
(fontspec)             },BoldFont = *-SemiBold,ItalicFont =
(fontspec)             *-MediumItalic,BoldItalicFont = *-SemiBoldItalic].
(fontspec)              
(fontspec)              This font family consists of the following NFSS
(fontspec)             series/shapes:
(fontspec)              
(fontspec)             - 'normal' (m/n) with NFSS spec.:
(fontspec)             <->s*[0.8]"[MonaspaceArgon-Medium.otf]:mode=node;script=
latn;language=dflt;+cv01=0;+cv31=1;+liga;+calt;"
(fontspec)             - 'bold' (b/n) with NFSS spec.:
(fontspec)             <->s*[0.8]"[MonaspaceArgon-SemiBold.otf]:mode=node;scrip
t=latn;language=dflt;"
(fontspec)             - 'italic' (m/it) with NFSS spec.:
(fontspec)             <->s*[0.8]"[MonaspaceArgon-MediumItalic.otf]:mode=node;s
cript=latn;language=dflt;"
(fontspec)             - 'bold italic' (b/it) with NFSS spec.:
(fontspec)             <->s*[0.8]"[MonaspaceArgon-SemiBoldItalic.otf]:mode=node
;script=latn;language=dflt;"


Package fontspec Info: 
(fontspec)             MonaspaceArgon-Medium scale = 0.8.


Package fontspec Info: 
(fontspec)             MonaspaceArgon-Medium scale = 0.8.


Package fontspec Info: 
(fontspec)             MonaspaceArgon-SemiBold scale = 0.8.


Package fontspec Info: 
(fontspec)             MonaspaceArgon-MediumItalic scale = 0.8.


Package fontspec Info: 
(fontspec)             MonaspaceArgon-SemiBoldItalic scale = 0.8.


Package fontspec Info: 
(fontspec)             Font family 'MonaspaceArgon(1)' created for font
(fontspec)             'MonaspaceArgon' with options [Renderer=Basic,Scale =
(fontspec)             0.8,Extension = .otf,UprightFont =
(fontspec)             *-Medium,UprightFeatures = { CharacterVariant =
(fontspec)             {1:0,31:1}, Ligatures = Common, Contextuals = Alternate
(fontspec)             },BoldFont = *-SemiBold,ItalicFont =
(fontspec)             *-MediumItalic,BoldItalicFont = *-SemiBoldItalic].
(fontspec)              
(fontspec)              This font family consists of the following NFSS
(fontspec)             series/shapes:
(fontspec)              
(fontspec)             - 'normal' (m/n) with NFSS spec.:
(fontspec)             <->s*[0.8]"[MonaspaceArgon-Medium.otf]:mode=base;script=
latn;language=dflt;+cv01=0;+cv31=1;+liga;+calt;"
(fontspec)             - 'bold' (b/n) with NFSS spec.:
(fontspec)             <->s*[0.8]"[MonaspaceArgon-SemiBold.otf]:mode=base;scrip
t=latn;language=dflt;"
(fontspec)             - 'italic' (m/it) with NFSS spec.:
(fontspec)             <->s*[0.8]"[MonaspaceArgon-MediumItalic.otf]:mode=base;s
cript=latn;language=dflt;"
(fontspec)             - 'bold italic' (b/it) with NFSS spec.:
(fontspec)             <->s*[0.8]"[MonaspaceArgon-SemiBoldItalic.otf]:mode=base
;script=latn;language=dflt;"

LaTeX Font Info:    Overwriting math alphabet `\mathtt' in version `normal'
(Font)                  OT1/cmtt/m/n --> TU/MonaspaceArgon(1)/m/n on input line
 85.
LaTeX Font Info:    Overwriting math alphabet `\mathtt' in version `bold'
(Font)                  OT1/cmtt/m/n --> TU/MonaspaceArgon(1)/b/n on input line
 85.

Package fontspec Info: 
(fontspec)             Font family 'NewCMMath-Regular.otf(0)' created for font
(fontspec)             'NewCMMath-Regular.otf' with options
(fontspec)             [Renderer=Basic,BoldItalicFont={},ItalicFont={},SmallCap
sFont={},Script=Math,RawFeature={mathfontdimen=xetex}].
(fontspec)              
(fontspec)              This font family consists of the following NFSS
(fontspec)             series/shapes:
(fontspec)              
(fontspec)             - 'normal' (m/n) with NFSS spec.:
(fontspec)             <->"[NewCMMath-Regular.otf]:mode=base;script=math;langua
ge=dflt;mathfontdimen=xetex;"


Package fontspec Info: 
(fontspec)             Font family 'NewCMMath-Regular.otf(1)' created for font
(fontspec)             'NewCMMath-Regular.otf' with options
(fontspec)             [Renderer=Basic,BoldItalicFont={},ItalicFont={},SmallCap
sFont={},Script=Math,SizeFeatures={{Size=9.3075-},{Size=6.57-9.3075,Font=NewCMM
ath-Regular.otf,Style=MathScript},{Size=-6.57,Font=NewCMMath-Regular.otf,Style=
MathScriptScript}},RawFeature={mathfontdimen=xetex}].
(fontspec)              
(fontspec)              This font family consists of the following NFSS
(fontspec)             series/shapes:
(fontspec)              
(fontspec)             - 'normal' (m/n) with NFSS spec.:
(fontspec)             <9.3075->"[NewCMMath-Regular.otf]:mode=base;script=math;
language=dflt;mathfontdimen=xetex;"<6.57-9.3075>"[NewCMMath-Regular.otf]:mode=b
ase;script=math;language=dflt;mathfontdimen=xetex;+ssty=0;"<-6.57>"[NewCMMath-R
egular.otf]:mode=base;script=math;language=dflt;mathfontdimen=xetex;+ssty=1;"

LaTeX Font Info:    Encoding `OT1' has changed to `TU' for symbol font
(Font)              `operators' in the math version `normal' on input line 88.
LaTeX Font Info:    Overwriting symbol font `operators' in version `normal'
(Font)                  OT1/cmr/m/n --> TU/NewCMMath-Regular.otf(1)/m/n on inpu
t line 88.
LaTeX Font Info:    Encoding `OT1' has changed to `TU' for symbol font
(Font)              `operators' in the math version `bold' on input line 88.
LaTeX Font Info:    Overwriting symbol font `operators' in version `bold'
(Font)                  OT1/cmr/bx/n --> TU/NewCMMath-Regular.otf(1)/b/n on inp
ut line 88.

Package fontspec Info: 
(fontspec)             Font family 'NewCMMath-Regular.otf(2)' created for font
(fontspec)             'NewCMMath-Regular.otf' with options
(fontspec)             [Renderer=Basic,BoldItalicFont={},ItalicFont={},SmallCap
sFont={},Script=Math,SizeFeatures={{Size=9.3075-},{Size=6.57-9.3075,Font=NewCMM
ath-Regular.otf,Style=MathScript},{Size=-6.57,Font=NewCMMath-Regular.otf,Style=
MathScriptScript}},RawFeature={mathfontdimen=xetex},RawFeature={mathfontdimen=t
ex2}].
(fontspec)              
(fontspec)              This font family consists of the following NFSS
(fontspec)             series/shapes:
(fontspec)              
(fontspec)             - 'normal' (m/n) with NFSS spec.:
(fontspec)             <9.3075->"[NewCMMath-Regular.otf]:mode=base;script=math;
language=dflt;mathfontdimen=xetex;mathfontdimen=tex2;"<6.57-9.3075>"[NewCMMath-
Regular.otf]:mode=base;script=math;language=dflt;mathfontdimen=xetex;mathfontdi
men=tex2;+ssty=0;"<-6.57>"[NewCMMath-Regular.otf]:mode=base;script=math;languag
e=dflt;mathfontdimen=xetex;mathfontdimen=tex2;+ssty=1;"

LaTeX Font Info:    Encoding `OMS' has changed to `TU' for symbol font
(Font)              `symbols' in the math version `normal' on input line 88.
LaTeX Font Info:    Overwriting symbol font `symbols' in version `normal'
(Font)                  OMS/cmsy/m/n --> TU/NewCMMath-Regular.otf(2)/m/n on inp
ut line 88.
LaTeX Font Info:    Encoding `OMS' has changed to `TU' for symbol font
(Font)              `symbols' in the math version `bold' on input line 88.
LaTeX Font Info:    Overwriting symbol font `symbols' in version `bold'
(Font)                  OMS/cmsy/b/n --> TU/NewCMMath-Regular.otf(2)/b/n on inp
ut line 88.

Package fontspec Info: 
(fontspec)             Font family 'NewCMMath-Regular.otf(3)' created for font
(fontspec)             'NewCMMath-Regular.otf' with options
(fontspec)             [Renderer=Basic,BoldItalicFont={},ItalicFont={},SmallCap
sFont={},Script=Math,SizeFeatures={{Size=9.3075-},{Size=6.57-9.3075,Font=NewCMM
ath-Regular.otf,Style=MathScript},{Size=-6.57,Font=NewCMMath-Regular.otf,Style=
MathScriptScript}},RawFeature={mathfontdimen=xetex},RawFeature={mathfontdimen=t
ex3}].
(fontspec)              
(fontspec)              This font family consists of the following NFSS
(fontspec)             series/shapes:
(fontspec)              
(fontspec)             - 'normal' (m/n) with NFSS spec.:
(fontspec)             <9.3075->"[NewCMMath-Regular.otf]:mode=base;script=math;
language=dflt;mathfontdimen=xetex;mathfontdimen=tex3;"<6.57-9.3075>"[NewCMMath-
Regular.otf]:mode=base;script=math;language=dflt;mathfontdimen=xetex;mathfontdi
men=tex3;+ssty=0;"<-6.57>"[NewCMMath-Regular.otf]:mode=base;script=math;languag
e=dflt;mathfontdimen=xetex;mathfontdimen=tex3;+ssty=1;"

LaTeX Font Info:    Encoding `OMX' has changed to `TU' for symbol font
(Font)              `largesymbols' in the math version `normal' on input line 8
8.
LaTeX Font Info:    Overwriting symbol font `largesymbols' in version `normal'
(Font)                  OMX/cmex/m/n --> TU/NewCMMath-Regular.otf(3)/m/n on inp
ut line 88.
LaTeX Font Info:    Encoding `OMX' has changed to `TU' for symbol font
(Font)              `largesymbols' in the math version `bold' on input line 88.

LaTeX Font Info:    Overwriting symbol font `largesymbols' in version `bold'
(Font)                  OMX/cmex/m/n --> TU/NewCMMath-Regular.otf(3)/b/n on inp
ut line 88.
LaTeX Font Info:    Trying to load font information for U+msa on input line 88.

 (c:/texlive/2025/texmf-dist/tex/latex/amsfonts/umsa.fd
File: umsa.fd 2013/01/14 v3.01 AMS symbols A
)
LaTeX Font Info:    Trying to load font information for U+msb on input line 88.


(c:/texlive/2025/texmf-dist/tex/latex/amsfonts/umsb.fd
File: umsb.fd 2013/01/14 v3.01 AMS symbols B
)
(c:/texlive/texmf-local/tex/latex/package/intexgral/build/local/intexgral.sty
(c:/texlive/2025/texmf-dist/tex/latex/pkginfograb/pkginfograb.sty
Package: pkginfograb 2025/11/16 v1.2 Collecting~ package's~ info~ in~ a~ regula
r~ way
)
Package: intexgral 2025-12-24 v3.0.0 A LaTeX package for typesetting integrals.


(c:/texlive/2025/texmf-dist/tex/latex/derivative/derivative.sty
Package: derivative 2024/02/08 v1.4 Nice and easy derivatives and differentials
 for LaTeX
\l__deriv_gcd_counter_int=\count364
\l__deriv_vmo_int=\count365
\l__deriv_var_count_int=\count366
\l__deriv_tmpa_int=\count367
\l__deriv_tmpb_int=\count368
\l__deriv_seq_pos_int=\count369
\l__deriv_sort_max_int=\count370
)
\l__intexgral_inline_symbol_muskip=\muskip20
\l__intexgral_integral_sequence_int=\count371
\g__intexgral_integral_number_int=\count372
)
(c:/texlive/2025/texmf-dist/tex/latex/geometry/geometry.sty
Package: geometry 2020/01/02 v5.9 Page Geometry

(c:/texlive/2025/texmf-dist/tex/generic/iftex/ifvtex.sty
Package: ifvtex 2019/10/25 v1.7 ifvtex legacy package. Use iftex instead.
)
\Gm@cnth=\count373
\Gm@cntv=\count374
\c@Gm@tempcnt=\count375
\Gm@bindingoffset=\dimen196
\Gm@wd@mp=\dimen197
\Gm@odd@mp=\dimen198
\Gm@even@mp=\dimen199
\Gm@layoutwidth=\dimen256
\Gm@layoutheight=\dimen257
\Gm@layouthoffset=\dimen258
\Gm@layoutvoffset=\dimen259
\Gm@dimlist=\toks32
)
(c:/texlive/2025/texmf-dist/tex/latex/fancyhdr/fancyhdr.sty
Package: fancyhdr 2025/02/07 v5.2 Extensive control of page headers and footers

\f@nch@headwidth=\skip67
\f@nch@offset@elh=\skip68
\f@nch@offset@erh=\skip69
\f@nch@offset@olh=\skip70
\f@nch@offset@orh=\skip71
\f@nch@offset@elf=\skip72
\f@nch@offset@erf=\skip73
\f@nch@offset@olf=\skip74
\f@nch@offset@orf=\skip75
\f@nch@height=\skip76
\f@nch@footalignment=\skip77
\f@nch@widthL=\skip78
\f@nch@widthC=\skip79
\f@nch@widthR=\skip80
)
(c:/texlive/2025/texmf-dist/tex/latex/fontawesome5/fontawesome5.sty
Package: fontawesome5 2022/05/02 v5.15.4 Font Awesome 5

(c:/texlive/2025/texmf-dist/tex/latex/fontawesome5/fontawesome5-utex-helper.sty
Package: fontawesome5-utex-helper 2022/05/02 v5.15.4 uTeX helper for fontawesom
e5
(c:/texlive/2025/texmf-dist/tex/luatex/luatexbase/luatexbase.sty
Package: luatexbase 2015/10/04 v1.3 luatexbase interface to LuaTeX 

(c:/texlive/2025/texmf-dist/tex/luatex/ctablestack/ctablestack.sty
Package: ctablestack 2015/10/01 v1.0 Catcode table stable support
\@catcodetablestackcnt=\count376
)
\CatcodeTableOther=\catcodetable14
\CatcodeTableExpl=\catcodetable15
)
LaTeX Font Info:    Trying to load font information for TU+fontawesomefree on i
nput line 69.

(c:/texlive/2025/texmf-dist/tex/latex/fontawesome5/tufontawesomefree.fd)
LaTeX Font Info:    Trying to load font information for TU+fontawesomebrands on
 input line 70.

(c:/texlive/2025/texmf-dist/tex/latex/fontawesome5/tufontawesomebrands.fd)))
(c:/texlive/2025/texmf-dist/tex/latex/microtype/microtype.sty
Package: microtype 2025/07/09 v3.2b Micro-typographical refinements (RS)
\MT@toks=\toks33
\MT@tempbox=\box112
\MT@count=\count377
LaTeX Info: Redefining \noprotrusionifhmode on input line 1087.
LaTeX Info: Redefining \leftprotrusion on input line 1088.
\MT@prot@toks=\toks34
LaTeX Info: Redefining \rightprotrusion on input line 1107.
LaTeX Info: Redefining \textls on input line 1449.
\MT@outer@kern=\dimen260
LaTeX Info: Redefining \microtypecontext on input line 2053.
LaTeX Info: Redefining \textmicrotypecontext on input line 2070.
\MT@listname@count=\count378

(c:/texlive/2025/texmf-dist/tex/latex/microtype/microtype-luatex.def
File: microtype-luatex.def 2025/07/09 v3.2b Definitions specific to luatex (RS)

Lua module: microtype 2025/07/09 v3.2b microtype module.
Module microtype Info: overwriting function `keepligature' on input line 63
LaTeX Info: Redefining \lsstyle on input line 779.
LaTeX Info: Redefining \lslig on input line 779.
\MT@outer@space=\skip81
)
Package microtype Info: Loading configuration file microtype.cfg.

(c:/texlive/2025/texmf-dist/tex/latex/microtype/microtype.cfg
File: microtype.cfg 2025/07/09 v3.2b microtype main configuration file (RS)
)
LaTeX Info: Redefining \microtypesetup on input line 3065.
)
(c:/texlive/2025/texmf-dist/tex/latex/abstract/abstract.sty
Package: abstract 2009/06/08 v1.2a configurable abstracts
\abstitleskip=\skip82
\absleftindent=\skip83
\absrightindent=\skip84
\absparindent=\skip85
\absparsep=\skip86
)
(c:/texlive/2025/texmf-dist/tex/latex/codedescribe/codedescribe.sty
Package: codedescribe 2025/12/17 v1.20 LaTeX Code Description/Documentation

(c:/texlive/2025/texmf-dist/tex/latex/xcolor/xcolor.sty
Package: xcolor 2024/09/29 v3.02 LaTeX color extensions (UK)

(c:/texlive/2025/texmf-dist/tex/latex/graphics-cfg/color.cfg
File: color.cfg 2016/01/02 v1.6 sample color configuration
)
Package xcolor Info: Driver file: luatex.def on input line 274.
LaTeX Info: Redefining \color on input line 762.

(c:/texlive/2025/texmf-dist/tex/latex/graphics/mathcolor.ltx)
Package xcolor Info: Model `cmy' substituted by `cmy0' on input line 1349.
Package xcolor Info: Model `hsb' substituted by `rgb' on input line 1353.
Package xcolor Info: Model `RGB' extended on input line 1365.
Package xcolor Info: Model `HTML' substituted by `rgb' on input line 1367.
Package xcolor Info: Model `Hsb' substituted by `hsb' on input line 1368.
Package xcolor Info: Model `tHsb' substituted by `hsb' on input line 1369.
Package xcolor Info: Model `HSB' substituted by `hsb' on input line 1370.
Package xcolor Info: Model `Gray' substituted by `gray' on input line 1371.
Package xcolor Info: Model `wave' substituted by `hsb' on input line 1372.
)
(c:/texlive/2025/texmf-dist/tex/latex/xpeekahead/xpeekahead.sty
Package: xpeekahead 2025/11/01 v1.3a A simple peek ahead set up
)
(c:/texlive/2025/texmf-dist/tex/latex/codedescribe/codecmm.sty
Package: codecmm 2025/12/17 v1.20 codedescribe/list common commands
\l__codecmm_null_skip=\skip87
\l__codecmm_tiny_skip=\skip88
\l__codecmm_small_skip=\skip89
\l__codecmm_mid_skip=\skip90
\l__codecmm_large_skip=\skip91
\l__codecmm_larger_skip=\skip92
\l__codecmm_largeline_skip=\skip93
\l__codecmm_neg_skip=\skip94
\l__codecmm_bigneg_skip=\skip95
\l__codecmm_min_skip=\skip96
\l__codecmm_verythin_skip=\skip97
\l__codecmm_thin_skip=\skip98
\l__codecmm_midthin_skip=\skip99
\l__codecmm_verytinyskip_dim=\dimen261
\l__codecmm_tinyskip_dim=\dimen262
\l__codecmm_nullskip_dim=\dimen263
\l__codecmm_smallskip_dim=\dimen264
\l__codecmm_smallerskip_dim=\dimen265
\l__codecmm_midskip_dim=\dimen266
\l__codecmm_largeskip_dim=\dimen267
\l__codecmm_largerskip_dim=\dimen268
\l__codecmm_baselineskip_dim=\dimen269
\l__codecmm_largelineskip_dim=\dimen270
\l__codecmm_coffinskip_dim=\dimen271
\l__codecmm_marginminsep_dim=\dimen272
\l__codecmm_midlineskip_dim=\dimen273
\l__codecmm_textcolwidth_dim=\dimen274
)
\l__codedesc_tmpa_coffin=\box113
\l__codedesc_tmpb_coffin=\box114

(c:/texlive/2025/texmf-dist/tex/latex/codedescribe/codedescsets.sty
Package: codedescsets 2025/12/17 v1.20 codedescribe label sets
)
(c:/texlive/2025/texmf-dist/tex/latex/codedescribe/codelisting.sty
Package: codelisting 2025/12/17 v1.20 LaTeX Code Listing

(c:/texlive/2025/texmf-dist/tex/latex/listings/listings.sty
\lst@mode=\count379
\lst@gtempboxa=\box115
\lst@token=\toks35
\lst@length=\count380
\lst@currlwidth=\dimen275
\lst@column=\count381
\lst@pos=\count382
\lst@lostspace=\dimen276
\lst@width=\dimen277
\lst@newlines=\count383
\lst@lineno=\count384
\lst@maxwidth=\dimen278

(c:/texlive/2025/texmf-dist/tex/latex/listings/lstpatch.sty
File: lstpatch.sty 2025/11/14 1.11b (Carsten Heinz)
)
(c:/texlive/2025/texmf-dist/tex/latex/listings/lstmisc.sty
File: lstmisc.sty 2025/11/14 1.11b (Carsten Heinz)
\c@lstnumber=\count385
\lst@skipnumbers=\count386
\lst@framebox=\box116
)
(c:/texlive/2025/texmf-dist/tex/latex/listings/listings.cfg
File: listings.cfg 2025/11/14 1.11b listings configuration
))
Package: listings 2025/11/14 1.11b (Carsten Heinz)

==> First Aid for listings.sty no longer applied!
    Expected:
        2024/09/23 1.10c (Carsten Heinz)
    but found:
        2025/11/14 1.11b (Carsten Heinz)
    so I'm assuming it got fixed.
(c:/texlive/2025/texmf-dist/tex/latex/scontents/scontents.sty
Package: scontents 2025-11-20 v2.6 Stores LaTeX contents in memory or files

(c:/texlive/2025/texmf-dist/tex/generic/scontents/scontents-code.tex
\l__scontents_tab_width_int=\count387
\l__scontents_nesting_env_int=\count388
\l__scontents_nesting_aux_int=\count389
\l__scontents_foreach_stop_int=\count390
\l__scontents_save_sf_int=\count391
\l__scontents_save_skip=\skip100
\l__scontents_foreach_start_int=\count392
\l__scontents_foreach_step_int=\count393
))
(c:/texlive/2025/texmf-dist/tex/latex/listings/lstlang1.sty
File: lstlang1.sty 2025/11/14 1.11b listings language file
)
(c:/texlive/2025/texmf-dist/tex/latex/listings/lstlang2.sty
File: lstlang2.sty 2025/11/14 1.11b listings language file
)
(c:/texlive/2025/texmf-dist/tex/latex/listings/lstlang3.sty
File: lstlang3.sty 2025/11/14 1.11b listings language file
)
\l__codelist_demo_parindent_dim=\dimen279
\l__codelist_org_parindent_dim=\dimen280

(c:/texlive/2025/texmf-dist/tex/latex/listings/lstlang1.sty
File: lstlang1.sty 2025/11/14 1.11b listings language file
)
(c:/texlive/2025/texmf-dist/tex/latex/listings/lstlang2.sty
File: lstlang2.sty 2025/11/14 1.11b listings language file
)
(c:/texlive/2025/texmf-dist/tex/latex/listings/lstlang3.sty
File: lstlang3.sty 2025/11/14 1.11b listings language file
)
(c:/texlive/2025/texmf-dist/tex/latex/listings/lstlang1.sty
File: lstlang1.sty 2025/11/14 1.11b listings language file
)
(c:/texlive/2025/texmf-dist/tex/latex/listings/lstlang2.sty
File: lstlang2.sty 2025/11/14 1.11b listings language file
)
(c:/texlive/2025/texmf-dist/tex/latex/listings/lstlang3.sty
File: lstlang3.sty 2025/11/14 1.11b listings language file
)
(c:/texlive/2025/texmf-dist/tex/latex/listings/lstmisc.sty
File: lstmisc.sty 2025/11/14 1.11b (Carsten Heinz)
)
\__codelist_code_coffin=\box117
\__codelist_code_label_coffin=\box118
\__codelist_demo_coffin=\box119
\__codelist_demo_label_coffin=\box120
\__codelist_code_demo_coffin=\box121
\l__codelist_width_dim=\dimen281
\l__codelist_offset_dim=\dimen282
\l__codelist_code_height_dim=\dimen283
\l__codelist_demo_height_dim=\dimen284
)
\l__codedesc_margin_coffin=\box122
\l__codedesc_text_coffin=\box123
\l__codedesc_syntax_coffin=\box124
\l__codedesc_syntax_wd_dim=\dimen285
\l__codedesc_margin_wd_dim=\dimen286
\l__codedesc_describe_coffin=\box125
\l__codedesc_describelabel_wd_dim=\dimen287
\l__codedesc_describelist_wd_dim=\dimen288
\__codedesc_paradvance_dim=\dimen289
\l__codedesc_tmpa_dim=\dimen290
\l__codedesc_tmpb_dim=\dimen291
\l__codedesc_tsremark_coffin=\box126
\g__codedesc_footnote_int=\count394
)
(c:/texlive/2025/texmf-dist/tex/lualatex/luacode/luacode.sty
Package: luacode 2012/01/23 v1.2a lua-in-tex helpers (mpg)

(c:/texlive/2025/texmf-dist/tex/generic/iftex/ifluatex.sty
Package: ifluatex 2019/10/25 v1.5 ifluatex legacy package. Use iftex instead.
)
\luacode@lines=\toks36
\luacode@table@soft=\catcodetable16
)
(c:/texlive/2025/texmf-dist/tex/latex/changelog/changelog.sty
Package: changelog 2024/12/18 v2.6.0 Typesetting changelogs

(c:/texlive/2025/texmf-dist/tex/latex/translations/translations.sty
Package: translations 2022/02/05 v1.12 internationalization of LaTeX2e packages
 (CN)
))
(c:/texlive/2025/texmf-dist/tex/generic/ulem/ulem.sty
\UL@box=\box127
\UL@hyphenbox=\box128
\UL@skip=\skip101
\UL@hook=\toks37
\UL@height=\dimen292
\UL@pe=\count395
\UL@pixel=\dimen293
\ULC@box=\box129
Package: ulem 2019/11/18
\ULdepth=\dimen294
)
(c:/texlive/2025/texmf-dist/tex/latex/polyglossia/polyglossia.sty
Package: polyglossia 2025/12/01 v2.9 Modern multilingual typesetting with XeLaT
eX and LuaLaTeX
Lua module: polyglossia 2013/05/11 v1.3 Polyglossia
\l_xpg_alias_keyvals_int=\count396

(c:/texlive/2025/texmf-dist/tex/latex/polyglossia/gloss-latex.ldf
File: gloss-latex.ldf polyglossia: module for default language
)

Package polyglossia Info: Setting LuaTeX font renderer to Harfbuzz

)
(c:/texlive/2025/texmf-dist/tex/latex/polyglossia/gloss-french.ldf
File: gloss-french.ldf polyglossia: module for French
Module polyglossia Info: Language data for french
(polyglossia)            hyphenation	
(polyglossia)            lefthyphenmin	2
(polyglossia)            loader	loadhyph-fr.tex
(polyglossia)            patterns	hyph-fr.pat.txt
(polyglossia)            righthyphenmin	2
(polyglossia)            synonyms	patois,francais on input line 17
Module polyglossia Info: Language french was not yet loaded; created with id 2 o
n input line 17
Lua-only attribute polyglossia_punct = 4
Inserting `polyglossia-punct.process' in `pre_shaping_filter'.)

Package polyglossia Info: Default language is french


(c:/texlive/2025/texmf-dist/tex/latex/footmisc/footmisc.sty
Package: footmisc 2025/05/09 v7.0b a miscellany of footnote facilities
\FN@temptoken=\toks38
\footnotemargin=\dimen295

(c:/texlive/2025/texmf-dist/tex/latex/bigfoot/perpage.sty
Package: perpage 2014/10/25 2.0 Reset/sort counters per page
\c@abspage=\count397
)
\c@pp@a@footnote=\count398
Package footmisc Info: Declaring symbol style bringhurst on input line 549.
Package footmisc Info: Declaring symbol style chicago on input line 557.
Package footmisc Info: Declaring symbol style wiley on input line 566.
Package footmisc Info: Declaring symbol style lamport-robust on input line 577.

Package footmisc Info: Declaring symbol style lamport* on input line 597.
Package footmisc Info: Declaring symbol style lamport*-robust on input line 618
.
)
(c:/texlive/2025/texmf-dist/tex/latex/titlesec/titlesec.sty
Package: titlesec 2025/01/04 v2.17 Sectioning titles
\ttl@box=\box130
\beforetitleunit=\skip102
\aftertitleunit=\skip103
\ttl@plus=\dimen296
\ttl@minus=\dimen297
\ttl@toksa=\toks39
\titlewidth=\dimen298
\titlewidthlast=\dimen299
\titlewidthfirst=\dimen300
)
(c:/texlive/2025/texmf-dist/tex/latex/idxlayout/idxlayout.sty
Package: idxlayout 2012/03/30 v0.4d Configurable index layout
\c@idxcols=\count399
\indexcolsep=\skip104
\indexrule=\skip105
\ila@indentunit=\skip106
\ila@initsep=\skip107
)
Package hyperref Info: Option `colorlinks' set `true' on input line 265.

(c:/texlive/2025/texmf-dist/tex/latex/cleveref/cleveref.sty
Package: cleveref 2018/03/27 v0.21.4 Intelligent cross-referencing
Package cleveref Info: `hyperref' support loaded on input line 2370.
LaTeX Info: Redefining \cref on input line 2370.
LaTeX Info: Redefining \Cref on input line 2370.
LaTeX Info: Redefining \crefrange on input line 2370.
LaTeX Info: Redefining \Crefrange on input line 2370.
LaTeX Info: Redefining \cpageref on input line 2370.
LaTeX Info: Redefining \Cpageref on input line 2370.
LaTeX Info: Redefining \cpagerefrange on input line 2370.
LaTeX Info: Redefining \Cpagerefrange on input line 2370.
LaTeX Info: Redefining \labelcref on input line 2370.
LaTeX Info: Redefining \labelcpageref on input line 2370.
Package cleveref Info: `listings' support loaded on input line 3131.
)
==> First Aid for cleveref.sty applied!
Package csquotes Info: Checking for multilingual support...
Package csquotes Info: ... found 'polyglossia' package.
Package csquotes Info: Adjusting default style.
Package csquotes Info: Redefining alias 'default' -> 'french'.
(c:/texlive/2025/texmf-dist/tex/latex/ragged2e/ragged2e.sty
Package: ragged2e 2023/06/22 v3.6 ragged2e Package
\CenteringLeftskip=\skip108
\RaggedLeftLeftskip=\skip109
\RaggedRightLeftskip=\skip110
\CenteringRightskip=\skip111
\RaggedLeftRightskip=\skip112
\RaggedRightRightskip=\skip113
\CenteringParfillskip=\skip114
\RaggedLeftParfillskip=\skip115
\RaggedRightParfillskip=\skip116
\JustifyingParfillskip=\skip117
\CenteringParindent=\skip118
\RaggedLeftParindent=\skip119
\RaggedRightParindent=\skip120
\JustifyingParindent=\skip121
)
(./intexgral-fr.aux)
\openout1 = intexgral-fr.aux

LaTeX Font Info:    Checking defaults for OML/cmm/m/it on input line 271.
LaTeX Font Info:    ... okay on input line 271.
LaTeX Font Info:    Checking defaults for OMS/cmsy/m/n on input line 271.
LaTeX Font Info:    ... okay on input line 271.
LaTeX Font Info:    Checking defaults for OT1/cmr/m/n on input line 271.
LaTeX Font Info:    ... okay on input line 271.
LaTeX Font Info:    Checking defaults for T1/cmr/m/n on input line 271.
LaTeX Font Info:    ... okay on input line 271.
LaTeX Font Info:    Checking defaults for TS1/cmr/m/n on input line 271.
LaTeX Font Info:    ... okay on input line 271.
LaTeX Font Info:    Checking defaults for TU/lmr/m/n on input line 271.
LaTeX Font Info:    ... okay on input line 271.
LaTeX Font Info:    Checking defaults for OMX/cmex/m/n on input line 271.
LaTeX Font Info:    ... okay on input line 271.
LaTeX Font Info:    Checking defaults for U/cmr/m/n on input line 271.
LaTeX Font Info:    ... okay on input line 271.
LaTeX Font Info:    Checking defaults for PD1/pdf/m/n on input line 271.
LaTeX Font Info:    ... okay on input line 271.
LaTeX Font Info:    Checking defaults for PU/pdf/m/n on input line 271.
LaTeX Font Info:    ... okay on input line 271.

(c:/texlive/2025/texmf-dist/tex/context/base/mkii/supp-pdf.mkii
[Loading MPS to PDF converter (version 2006.09.02).]
\scratchcounter=\count400
\scratchdimen=\dimen301
\scratchbox=\box131
\nofMPsegments=\count401
\nofMParguments=\count402
\everyMPshowfont=\toks40
\MPscratchCnt=\count403
\MPscratchDim=\dimen302
\MPnumerator=\count404
\makeMPintoPDFobject=\count405
\everyMPtoPDFconversion=\toks41
)
Package hyperref Info: Link coloring ON on input line 271.
 (./intexgral-fr.out) (./intexgral-fr.out)
\@outlinefile=\write6

\openout6 = intexgral-fr.out
 (./intexgral-fr.hd)
\HD@savedest@out=\write7

\openout7 = intexgral-fr.hd
Package doc Info: Made " a short reference for \verb on input line 271.
Package doc Info: Made | a short reference for \verb on input line 271.

*geometry* driver: auto-detecting
*geometry* detected driver: luatex
*geometry* verbose mode - [ preamble ] result:
* driver: luatex
* paper: a4paper
* layout: <same size as paper>
* layoutoffset:(h,v)=(0.0pt,0.0pt)
* modes: 
* h-part:(L,W,R)=(125.19212pt, 386.95749pt, 85.35826pt)
* v-part:(T,H,B)=(85.35826pt, 702.78308pt, 56.9055pt)
* \paperwidth=597.50787pt
* \paperheight=845.04684pt
* \textwidth=386.95749pt
* \textheight=702.78308pt
* \oddsidemargin=52.92213pt
* \evensidemargin=52.92213pt
* \topmargin=-23.91173pt
* \headheight=12.0pt
* \headsep=25.0pt
* \topskip=11.0pt
* \footskip=30.0pt
* \marginparwidth=85.35826pt
* \marginparsep=5.69054pt
* \columnsep=10.0pt
* \skip\footins=10.0pt plus 4.0pt minus 2.0pt
* \hoffset=0.0pt
* \voffset=0.0pt
* \mag=1000
* \@twocolumnfalse
* \@twosidefalse
* \@mparswitchfalse
* \@reversemargintrue
* (1in=72.27pt=25.4mm, 1cm=28.453pt)

LaTeX Info: Redefining \microtypecontext on input line 271.
Package microtype Info: Applying patch `item' on input line 271.
Package microtype Info: Applying patch `toc' on input line 271.
Package microtype Info: Applying patch `eqnum' on input line 271.
Package microtype Info: Applying patch `footnote' on input line 271.
Package microtype Info: Applying patch `verbatim' on input line 271.
LaTeX Info: Redefining \microtypesetup on input line 271.
Package microtype Info: Generating PDF output.
Package microtype Info: Character protrusion enabled (level 2).
Package microtype Info: Using default protrusion set `alltext'.
Package microtype Info: Automatic font expansion enabled (level 2),
(microtype)             stretch: 20, shrink: 20, step: 1, non-selected.
Package microtype Info: Using default expansion set `alltext-nott'.
Package microtype Info: Patching command `\showhyphens'.
Package microtype Info: No adjustment of tracking.
Package microtype Info: No adjustment of spacing.
Package microtype Info: No adjustment of kerning.
Package microtype Info: Loading generic protrusion settings for font family
(microtype)             `ChronicleTextG3' (encoding: TU).
(microtype)             For optimal results, create family-specific settings.
(microtype)             See the microtype manual for details.
\c@lstlisting=\count406

(c:/texlive/2025/texmf-dist/tex/latex/translations/translations-basic-dictionar
y-french.trsl
File: translations-basic-dictionary-french.trsl (french translation file `trans
lations-basic-dictionary')
)
Package translations Info: loading dictionary `translations-basic-dictionary' f
or `french'. on input line 271.
 (./intexgral-fr.dtx
Package microtype Info: Loading generic protrusion settings for font family
(microtype)             `Whitney' (encoding: TU).
(microtype)             For optimal results, create family-specific settings.
(microtype)             See the microtype manual for details.
Package microtype Info: Loading generic protrusion settings for font family
(microtype)             `NewCMMath-Regular.otf' (encoding: TU).
(microtype)             For optimal results, create family-specific settings.
(microtype)             See the microtype manual for details.

(c:/texlive/2025/texmf-dist/tex/latex/microtype/mt-msa.cfg
File: mt-msa.cfg 2006/02/04 v1.1 microtype config. file: AMS symbols (a) (RS)
)
(c:/texlive/2025/texmf-dist/tex/latex/microtype/mt-msb.cfg
File: mt-msb.cfg 2005/06/01 v1.0 microtype config. file: AMS symbols (b) (RS)
)
LaTeX Font Info:    Font shape `TU/MonaspaceArgon(0)/m/n' will be
(Font)              scaled to size 7.20003pt on input line 305.
Package microtype Info: Loading generic protrusion settings for font family
(microtype)             `MonaspaceArgon' (encoding: TU).
(microtype)             For optimal results, create family-specific settings.
(microtype)             See the microtype manual for details.
LaTeX Font Info:    Font shape `TU/Whitney(0)/m/sl' in size <10> not available
(Font)              Font shape `TU/Whitney(0)/m/it' tried instead on input line
 307.
LaTeX Font Info:    Font shape `TU/MonaspaceArgon(0)/m/n' will be
(Font)              scaled to size 8.00003pt on input line 307.
 [1

{c:/texlive/2025/texmf-var/fonts/map/pdftex/updmap/pdftex.map}] (./intexgral-fr
.toc)
\tf@toc=\write8

\openout8 = intexgral-fr.toc
 [2]
LaTeX Font Info:    Font shape `TU/MonaspaceArgon(0)/m/n' will be
(Font)              scaled to size 8.76003pt on input line 332.
LaTeX Font Info:    Font shape `TU/MonaspaceArgon(0)/m/it' will be
(Font)              scaled to size 8.76003pt on input line 1.

(c:/texlive/2025/texmf-dist/tex/latex/microtype/mt-TU-empty.cfg
File: mt-TU-empty.cfg 2021/06/22 v1.1 microtype config. file: fonts with nonsta
ndard glyph set (RS)
) [3]
LaTeX Font Info:    Font shape `TU/MonaspaceArgon(0)/m/n' will be
(Font)              scaled to size 6.40002pt on input line 349.
> \l__scontents_processed_body_lines_tl=%   \begin{equation}
%     \integral{x}
%   \end{equation}
% %^^Ascheol%.
> \l__scontents_typestored_arg_tl=%   \begin{equation}
%     \integral{x}
%   \end{equation}
% .
LaTeX Font Info:    Font shape `TU/MonaspaceArgon(0)/b/n' will be
(Font)              scaled to size 7.20003pt on input line 1.
Package microtype Info: Loading generic protrusion settings for font family
(microtype)             `Whitney-Semibold.otf' (encoding: TU).
(microtype)             For optimal results, create family-specific settings.
(microtype)             See the microtype manual for details.
 [4]
> \l__scontents_processed_body_lines_tl=%   \begin{equation}
%     \integral[limits={1, 10}]{f(x)}
%   \end{equation}
% %^^Ascheol%.
> \l__scontents_typestored_arg_tl=%   \begin{equation}
%     \integral[limits={1, 10}]{f(x)}
%   \end{equation}
% .
> \l__scontents_processed_body_lines_tl=%   \begin{equation}
%     \integral[limits={1, 2; 3, 4}, variables={x, y}]{f(x, y)}
%   \end{equation}
% %^^Ascheol%.
> \l__scontents_typestored_arg_tl=%   \begin{equation}
%     \integral[limits={1, 2; 3, 4}, variables={x, y}]{f(x, y)}
%   \end{equation}
% .
> \l__scontents_processed_body_lines_tl=%   \begin{equation}
%     \integral[limits*={1, 10}]{f(x)}
%   \end{equation}
% %^^Ascheol%.
> \l__scontents_typestored_arg_tl=%   \begin{equation}
%     \integral[limits*={1, 10}]{f(x)}
%   \end{equation}
% .
LaTeX Font Info:    Font shape `TU/ChronicleTextG3(0)/m/sl' in size <10> not av
ailable
(Font)              Font shape `TU/ChronicleTextG3(0)/m/it' tried instead on in
put line 461.
LaTeX Font Info:    Font shape `TU/ChronicleTextG3(0)/b/sl' in size <10> not av
ailable
(Font)              Font shape `TU/ChronicleTextG3(0)/b/it' tried instead on in
put line 461.

[5]
> \l__scontents_processed_body_lines_tl=%   \begin{equation}
%     \integral[limits={1, 2; 3, 4; 5, 6}, variables={x, y, z},
mode=default]{xyz}
%   \end{equation}
% %^^Ascheol%.
> \l__scontents_typestored_arg_tl=%   \begin{equation}
%     \integral[limits={1, 2; 3, 4; 5, 6}, variables={x, y, z},
mode=default]{xyz}
%   \end{equation}
% .
> \l__scontents_processed_body_lines_tl=%   \begin{equation}
%     \integral[limits={1, 2; 3, 4; 5, 6}, variables={z, y, x},
mode=nested]{x;y;z}
%   \end{equation}
% %^^Ascheol%.
> \l__scontents_typestored_arg_tl=%   \begin{equation}
%     \integral[limits={1, 2; 3, 4; 5, 6}, variables={z, y, x},
mode=nested]{x;y;z}
%   \end{equation}
% .
> \l__scontents_processed_body_lines_tl=%   \begin{equation}
%     \integral[limits={1, 2; 3, 4; 5, 6}, variables={x, y, z},
mode=product]{x;y;z}
%   \end{equation}
% %^^Ascheol%.
> \l__scontents_typestored_arg_tl=%   \begin{equation}
%     \integral[limits={1, 2; 3, 4; 5, 6}, variables={x, y, z},
mode=product]{x;y;z}
%   \end{equation}
% .
 [6]
> \l__scontents_processed_body_lines_tl=%   \begin{equation}
%     \integral[symbol=\iint, llimit=S, variables={x, y}]{f(x, y)}
%   \end{equation}
% %^^Ascheol%.
> \l__scontents_typestored_arg_tl=%   \begin{equation}
%     \integral[symbol=\iint, llimit=S, variables={x, y}]{f(x, y)}
%   \end{equation}
% .
> \l__scontents_processed_body_lines_tl=%   \begin{equation}
%     \integral[nint=5, llimit=\Omega, variables={x_1, x_2, x_3, x_4,
x_5}]{f(x_1, x_2, x_3, x_4, x_5)}
%   \end{equation}
% %^^Ascheol%.
> \l__scontents_typestored_arg_tl=%   \begin{equation}
%     \integral[nint=5, llimit=\Omega, variables={x_1, x_2, x_3, x_4,
x_5}]{f(x_1, x_2, x_3, x_4, x_5)}
%   \end{equation}
% .
 [7]
> \l__scontents_processed_body_lines_tl=%   \begin{equation}
%     \integral[llimit={x^2 + y^2 \leq 1}, variables={x, y}]{f(x, y)}
%   \end{equation}
% %^^Ascheol%.
> \l__scontents_typestored_arg_tl=%   \begin{equation}
%     \integral[llimit={x^2 + y^2 \leq 1}, variables={x, y}]{f(x, y)}
%   \end{equation}
% .
> \l__scontents_processed_body_lines_tl=%   \begin{equation}
%     \integral[symbol=\iint, domain={r*r}, variables={x, y}]{xy}
%   \end{equation}
% %^^Ascheol%.
> \l__scontents_typestored_arg_tl=%   \begin{equation}
%     \integral[symbol=\iint, domain={r*r}, variables={x, y}]{xy}
%   \end{equation}
% .
> \l__scontents_processed_body_lines_tl=%   \begin{equation}
%     \integral[symbol=\oint, boundary=S, diff-vec]{G(\vec r)}
%   \end{equation}
% %^^Ascheol%.
> \l__scontents_typestored_arg_tl=%   \begin{equation}
%     \integral[symbol=\oint, boundary=S, diff-vec]{G(\vec r)}
%   \end{equation}
% .
 [8]
> \l__scontents_processed_body_lines_tl=%   \begin{equation}
%     \integral[variables=t]{t^2}
%   \end{equation}
% %^^Ascheol%.
> \l__scontents_typestored_arg_tl=%   \begin{equation}
%     \integral[variables=t]{t^2}
%   \end{equation}
% .
> \l__scontents_processed_body_lines_tl=%   \begin{equation}
%     \integral[limits={0, R; 0, 2\pi; 0, \pi}, variables=spherical,
mode=product, jacobian]{;;}
%   \end{equation}
% %^^Ascheol%.
> \l__scontents_typestored_arg_tl=%   \begin{equation}
%     \integral[limits={0, R; 0, 2\pi; 0, \pi}, variables=spherical,
mode=product, jacobian]{;;}
%   \end{equation}
% .
 [9]
> \l__scontents_processed_body_lines_tl=%  
\NewDifferential{\feynmandiff}{\mathcal{D}}
%   \begin{equation}
%     \integral[variables={q(t)}, diff-symb=\feynmandiff]{e^{+\dfrac{\imath
S[q(t)]}{\hbar}}}
%   \end{equation}
% %^^Ascheol%.
> \l__scontents_typestored_arg_tl=%  
\NewDifferential{\feynmandiff}{\mathcal{D}}
%   \begin{equation}
%     \integral[variables={q(t)}, diff-symb=\feynmandiff]{e^{+\dfrac{\imath
S[q(t)]}{\hbar}}}
%   \end{equation}
% .
> \l__scontents_processed_body_lines_tl=%   \begin{equation}
%     \integral[double=S, variables=S, diff-vec]{\vec F}
%   \end{equation}
% %^^Ascheol%.
> \l__scontents_typestored_arg_tl=%   \begin{equation}
%     \integral[double=S, variables=S, diff-vec]{\vec F}
%   \end{equation}
% .
> \l__scontents_processed_body_lines_tl=%   \begin{equation}
%     \integral[double, variables={x, y}, diff-star]{x^2 \exp(y)}
%   \end{equation}
% %^^Ascheol%.
> \l__scontents_typestored_arg_tl=%   \begin{equation}
%     \integral[double, variables={x, y}, diff-star]{x^2 \exp(y)}
%   \end{equation}
% .

Overfull \hbox (19.54779pt too wide) in paragraph at lines 701--702
\TU/ChronicleTextG3(0)/m/n/10.95 tion-nel de []\TU/MonaspaceArgon(0)/m/n/10 \odi
f[] \TU/ChronicleTextG3(0)/m/n/10.95 ou ses va-riantes. Pour illus-trer, []\TU/
MonaspaceArgon(0)/m/n/10.95 diff-options={order={2, 3}, var=all}
 []

> \l__scontents_processed_body_lines_tl=%   \begin{equation}
%    
\integral[diff-options={order=4}]{\bar\psi(x)(\imath\gamma^\mu\partial_\mu-m)\p
si(x)}
%   \end{equation}
% %^^Ascheol%.
> \l__scontents_typestored_arg_tl=%   \begin{equation}
%    
\integral[diff-options={order=4}]{\bar\psi(x)(\imath\gamma^\mu\partial_\mu-m)\p
si(x)}
%   \end{equation}
% .
[10]
> \l__scontents_processed_body_lines_tl=%   \begin{equation}
%     \integral{\frac{\differentials}{x}}
%   \end{equation}
% %^^Ascheol%.
> \l__scontents_typestored_arg_tl=%   \begin{equation}
%     \integral{\frac{\differentials}{x}}
%   \end{equation}
% .
 [11]
> \l__scontents_processed_body_lines_tl=%   \begin{equation}
%     \integral[limits={radius;circle;scircle}, variables={\rho, z,
\phi}]{\rho z \phi}
%   \end{equation}
% %^^Ascheol%.
> \l__scontents_typestored_arg_tl=%   \begin{equation}
%     \integral[limits={radius;circle;scircle}, variables={\rho, z,
\phi}]{\rho z \phi}
%   \end{equation}
% .
> \l__scontents_processed_body_lines_tl=%   \begin{equation}
%     \integral[limits={time; 34, 40; height}, variables={h, \omega, t}]{h
\omega t}
%   \end{equation}
% %^^Ascheol%.
> \l__scontents_typestored_arg_tl=%   \begin{equation}
%     \integral[limits={time; 34, 40; height}, variables={h, \omega, t}]{h
\omega t}
%   \end{equation}
% .
 [12]
> \l__scontents_processed_body_lines_tl=%   \begin{equation}
%     \integral[triple=V, variables=spherical]{f(x, y, z)}
%   \end{equation}
% %^^Ascheol%.
> \l__scontents_typestored_arg_tl=%   \begin{equation}
%     \integral[triple=V, variables=spherical]{f(x, y, z)}
%   \end{equation}
% .
 [13]
> \l__scontents_processed_body_lines_tl=%   \begin{equation}
%     \integral[contour=\mathcal{C}, diff-vec]{f(\vec r)}
%   \end{equation}
% %^^Ascheol%.
> \l__scontents_typestored_arg_tl=%   \begin{equation}
%     \integral[contour=\mathcal{C}, diff-vec]{f(\vec r)}
%   \end{equation}
% .
 [14]
> \l__scontents_processed_body_lines_tl=%   \begin{equation}
%     \integral[1, 2; 4, 5:y, x:nested]{x; y}
%   \end{equation}
% %^^Ascheol%.
> \l__scontents_typestored_arg_tl=%   \begin{equation}
%     \integral[1, 2; 4, 5:y, x:nested]{x; y}
%   \end{equation}
% .
> \l__scontents_processed_body_lines_tl=%   \begin{equation}
%     \integral[radius;circle;scircle:spherical:product]{r;\theta;\phi}
%   \end{equation}
% %^^Ascheol%.
> \l__scontents_typestored_arg_tl=%   \begin{equation}
%     \integral[radius;circle;scircle:spherical:product]{r;\theta;\phi}
%   \end{equation}
% .
> \l__scontents_processed_body_lines_tl=%   \begin{equation}
%     \integral[radius;circle;scircle:spherical+j:p]{;;}
%   \end{equation}
% %^^Ascheol%.
> \l__scontents_typestored_arg_tl=%   \begin{equation}
%     \integral[radius;circle;scircle:spherical+j:p]{;;}
%   \end{equation}
% .
> \l__scontents_processed_body_lines_tl=%   \begin{equation}
%     \integral[1, 2; 3, 4:x, y]{xy}
%   \end{equation}
% %^^Ascheol%.
> \l__scontents_typestored_arg_tl=%   \begin{equation}
%     \integral[1, 2; 3, 4:x, y]{xy}
%   \end{equation}
% .
 [15]
> \l__scontents_processed_body_lines_tl=%   \begin{equation}
%     \integral[1, 10]{x}
%   \end{equation}
% %^^Ascheol%.
> \l__scontents_typestored_arg_tl=%   \begin{equation}
%     \integral[1, 10]{x}
%   \end{equation}
% .
> \l__scontents_processed_body_lines_tl=%   \IntegralSetup
%     {
%       defaultvar  = {x},
%       defaultvar* = {r},
%       vectorstyle = \vec,
%       domainstyle = \mathbb,
%       symbolskip  = {-6mu},
%       hide-diff   = false
%     }
% %^^Ascheol%.
> \l__scontents_typestored_arg_tl=%   \IntegralSetup
%     {
%       defaultvar  = {x},
%       defaultvar* = {r},
%       vectorstyle = \vec,
%       domainstyle = \mathbb,
%       symbolskip  = {-6mu},
%       hide-diff   = false
%     }
% .
 [16] [17] [18] [19] (./intexgral-fr.ind
Package microtype Info: Loading generic protrusion settings for font family
(microtype)             `cmtt' (encoding: OT1).
(microtype)             For optimal results, create family-specific settings.
(microtype)             See the microtype manual for details.
 [20]
Underfull \hbox (badness 10000) in paragraph at lines 357--360
[]| []\TU/MonaspaceArgon(0)/m/n/10.95 \_-_-[]intexgral_-[]check_-[]sequence_-
 []


Underfull \hbox (badness 10000) in paragraph at lines 366--371
[]| []\TU/MonaspaceArgon(0)/m/n/10.95 \l_-_-[]intexgral_-[]deactivate_-
 []


Overfull \hbox (31.82933pt too wide) in paragraph at lines 371--377
[]| []\TU/MonaspaceArgon(0)/m/n/10.95 \l_-_-[]intexgral_-[]default_-[]differenti
al_-
 []


Underfull \hbox (badness 10000) in paragraph at lines 377--382
[]| []\TU/MonaspaceArgon(0)/m/n/10.95 \l_-_-[]intexgral_-[]default_-[]vector_-
 []


Underfull \hbox (badness 10000) in paragraph at lines 382--392
[]| []\TU/MonaspaceArgon(0)/m/n/10.95 \g_-_-[]intexgral_-[]differential_-
 []


Underfull \hbox (badness 10000) in paragraph at lines 392--399
[]| []\TU/MonaspaceArgon(0)/m/n/10.95 \l_-_-[]intexgral_-[]differential_-
 []


Underfull \hbox (badness 10000) in paragraph at lines 399--408
[]| []\TU/MonaspaceArgon(0)/m/n/10.95 \l_-_-[]intexgral_-[]differential_-
 []


Underfull \hbox (badness 10000) in paragraph at lines 408--412
[]| []\TU/MonaspaceArgon(0)/m/n/10.95 \l_-_-[]intexgral_-[]differential_-
 []


Underfull \hbox (badness 10000) in paragraph at lines 412--416
[]| []\TU/MonaspaceArgon(0)/m/n/10.95 \l_-_-[]intexgral_-[]differential_-
 []


Underfull \hbox (badness 10000) in paragraph at lines 416--431
[]| []\TU/MonaspaceArgon(0)/m/n/10.95 \l_-_-[]intexgral_-[]differential_-
 []


Underfull \hbox (badness 10000) in paragraph at lines 431--439
[]| []\TU/MonaspaceArgon(0)/m/n/10.95 \l_-_-[]intexgral_-[]differential_-
 []


Underfull \hbox (badness 10000) in paragraph at lines 439--444
[]| []\TU/MonaspaceArgon(0)/m/n/10.95 \l_-_-[]intexgral_-[]differential_-
 []


Underfull \hbox (badness 10000) in paragraph at lines 448--454
[]| []\TU/MonaspaceArgon(0)/m/n/10.95 \l_-_-[]intexgral_-[]display_-[]mode_-
 []


Overfull \hbox (26.39812pt too wide) in paragraph at lines 477--480
[]| []\TU/MonaspaceArgon(0)/m/n/10.95 \_-_-[]intexgral_-[]extract_-[]differentia
l_-
 []


Overfull \hbox (26.39812pt too wide) in paragraph at lines 480--483
[]| []\TU/MonaspaceArgon(0)/m/n/10.95 \_-_-[]intexgral_-[]extract_-[]differentia
l_-
 []


Underfull \hbox (badness 10000) in paragraph at lines 483--486
[]| []\TU/MonaspaceArgon(0)/m/n/10.95 \_-_-[]intexgral_-[]extract_-[]first_-
 []


Underfull \hbox (badness 10000) in paragraph at lines 501--506
[]| []\TU/MonaspaceArgon(0)/m/n/10.95 \l_-_-[]intexgral_-[]independent_-
 []


Underfull \hbox (badness 10000) in paragraph at lines 506--510
[]| []\TU/MonaspaceArgon(0)/m/n/10.95 \l_-_-[]intexgral_-[]inline_-[]symbol_-
 []


Underfull \hbox (badness 10000) in paragraph at lines 510--514
[]| []\TU/MonaspaceArgon(0)/m/n/10.95 \g_-_-[]intexgral_-[]integral_-
 []


Overfull \hbox (52.18178pt too wide) in paragraph at lines 514--517
[]| []\TU/MonaspaceArgon(0)/m/n/10.95 \_-_-[]intexgral_-[]integral_-[]preconfigu
ration:  
 []


Underfull \hbox (badness 10000) in paragraph at lines 517--521
[]| []\TU/MonaspaceArgon(0)/m/n/10.95 \l_-_-[]intexgral_-[]integral_-
 []


Underfull \hbox (badness 10000) in paragraph at lines 521--534
[]| []\TU/MonaspaceArgon(0)/m/n/10.95 \l_-_-[]intexgral_-[]integral_-
 []


Underfull \hbox (badness 10000) in paragraph at lines 534--543
[]| []\TU/MonaspaceArgon(0)/m/n/10.95 \l_-_-[]intexgral_-[]integral_-
 []

[21]
Overfull \hbox (31.82933pt too wide) in paragraph at lines 562--571
[]| []\TU/MonaspaceArgon(0)/m/n/10.95 \l_-_-[]intexgral_-[]invert_-[]differentia
ls_-
 []


Underfull \hbox (badness 10000) in paragraph at lines 571--581
[]| []\TU/MonaspaceArgon(0)/m/n/10.95 \l_-_-[]intexgral_-[]invert_-[]l󰃎󰂾
󰃮ts_-
 []


Underfull \hbox (badness 10000) in paragraph at lines 604--616
[]| []\TU/MonaspaceArgon(0)/m/n/10.95 \g_-_-[]intexgral_-[]l󰃎󰂾󰃮ts_-[]ke
yword_-
 []


Underfull \hbox (badness 10000) in paragraph at lines 642--650
[]| []\TU/MonaspaceArgon(0)/m/n/10.95 \l_-_-[]intexgral_-[]lower_-[]l󰃎󰂾
󰃮ts_-
 []


Overfull \hbox (31.82933pt too wide) in paragraph at lines 650--664
[]| []\TU/MonaspaceArgon(0)/m/n/10.95 \l_-_-[]intexgral_-[]manual_-[]differentia
ls_-
 []


Underfull \hbox (badness 10000) in paragraph at lines 676--687
[]| []\TU/MonaspaceArgon(0)/m/n/10.95 \_-_-[]intexgral_-[]new_-[]l󰃎󰂾󰃮ts
_-
 []


Overfull \hbox (19.5945pt too wide) in paragraph at lines 687--690
[]| []\TU/MonaspaceArgon(0)/m/n/10.95 \_-_-[]intexgral_-[]parse_-[]differentials
:  
 []


Underfull \hbox (badness 10000) in paragraph at lines 690--694
[]| []\TU/MonaspaceArgon(0)/m/n/10.95 \_-_-[]intexgral_-[]parse_-[]integral_-
 []


Underfull \hbox (badness 10000) in paragraph at lines 694--698
[]| []\TU/MonaspaceArgon(0)/m/n/10.95 \_-_-[]intexgral_-[]parse_-[]integral_-
 []


Underfull \hbox (badness 10000) in paragraph at lines 702--705
[]| []\TU/MonaspaceArgon(0)/m/n/10.95 \_-_-[]intexgral_-[]parse_-[]macro_-
 []


Underfull \hbox (badness 10000) in paragraph at lines 711--715
[]| []\TU/MonaspaceArgon(0)/m/n/10.95 \_-_-[]intexgral_-[]print_-[]default_-
 []


Underfull \hbox (badness 10000) in paragraph at lines 718--721
[]| []\TU/MonaspaceArgon(0)/m/n/10.95 \_-_-[]intexgral_-[]print_-[]nested_-
 []


Underfull \hbox (badness 10000) in paragraph at lines 721--724
[]| []\TU/MonaspaceArgon(0)/m/n/10.95 \_-_-[]intexgral_-[]print_-[]product_-
 []


Overfull \hbox (20.9669pt too wide) in paragraph at lines 724--727
[]| []\TU/MonaspaceArgon(0)/m/n/10.95 \_-_-[]intexgral_-[]remove_-[]differential
_-
 []


Underfull \hbox (badness 10000) in paragraph at lines 727--730
[]| []\TU/MonaspaceArgon(0)/m/n/10.95 \_-_-[]intexgral_-[]retrieve_-[]key_-
 []


Underfull \hbox (badness 10000) in paragraph at lines 730--734
[]| []\TU/MonaspaceArgon(0)/m/n/10.95 \c_-_-[]intexgral_-[]right_-[]bracket_-
 []


Underfull \hbox (badness 10000) in paragraph at lines 734--742
[]| []\TU/MonaspaceArgon(0)/m/n/10.95 \l_-_-[]intexgral_-[]separate_-
 []


Underfull \hbox (badness 10000) in paragraph at lines 745--748
[]| []\TU/MonaspaceArgon(0)/m/n/10.95 \_-_-[]intexgral_-[]set_-[]l󰃎󰂾󰃮ts
_-
 []


Underfull \hbox (badness 10000) in paragraph at lines 748--751
[]| []\TU/MonaspaceArgon(0)/m/n/10.95 \_-_-[]intexgral_-[]set_-[]l󰃎󰂾󰃮ts
_-
 []


Overfull \hbox (31.82933pt too wide) in paragraph at lines 751--756
[]| []\TU/MonaspaceArgon(0)/m/n/10.95 \l_-_-[]intexgral_-[]starred_-[]differenti
al_-
 []


Underfull \hbox (badness 10000) in paragraph at lines 762--769
[]| []\TU/MonaspaceArgon(0)/m/n/10.95 \l_-_-[]intexgral_-[]upper_-[]l󰃎󰂾
󰃮ts_-
 []


Underfull \hbox (badness 10000) in paragraph at lines 769--775
[]| []\TU/MonaspaceArgon(0)/m/n/10.95 \l_-_-[]intexgral_-[]variable_-[]i_-
 []

[22]
Underfull \hbox (badness 10000) in paragraph at lines 775--779
[]| []\TU/MonaspaceArgon(0)/m/n/10.95 \l_-_-[]intexgral_-[]variable_-[]ii_-
 []


Underfull \hbox (badness 10000) in paragraph at lines 779--788
[]| []\TU/MonaspaceArgon(0)/m/n/10.95 \l_-_-[]intexgral_-[]vectorial_-
 []


Underfull \hbox (badness 10000) in paragraph at lines 788--793
[]| []\TU/MonaspaceArgon(0)/m/n/10.95 \l_-_-[]intexgral_-[]vectorial_-
 []


Underfull \hbox (badness 10000) in paragraph at lines 793--802
[]| []\TU/MonaspaceArgon(0)/m/n/10.95 \_-_-[]intexgral_-[]warning_-[]msg_-
 []

[23] [24]) [25]
LaTeX Font Info:    Font shape `TU/MonaspaceArgon(0)/m/n' will be
(Font)              scaled to size 5.60002pt on input line 2333.
LaTeX Font Info:    Font shape `TU/MonaspaceArgon(0)/m/n' will be
(Font)              scaled to size 4.00002pt on input line 2333.
LaTeX Font Info:    Font shape `TU/MonaspaceArgon(0)/m/sl' in size <10> not ava
ilable
(Font)              Font shape `TU/MonaspaceArgon(0)/m/it' tried instead on inp
ut line 2333.
LaTeX Font Info:    Font shape `TU/MonaspaceArgon(0)/m/it' will be
(Font)              scaled to size 8.00003pt on input line 2333.
LaTeX Font Info:    Font shape `TU/Whitney(0)/m/sl' in size <6> not available
(Font)              Font shape `TU/Whitney(0)/m/it' tried instead on input line
 2333.
 [26] [27] [28] [29] [30] [31] [32] [33] [34] [35] [36] [37]
[38] [39] [40] [41] [42] [43] [44] [45] [46] [47])
Package doc Info: Deleted " as a short reference for \verb(*) on input line 273
.
Package doc Info: Deleted | as a short reference for \verb(*) on input line 273
.

Package l3doc Info: Generate the index by executing
(l3doc)                 makeindex -s gind.ist -o intexgral-fr.ind
(l3doc)                 intexgral-fr.idx

 [48] (./intexgral-fr.aux)
 ***********
LaTeX2e <2025-11-01>
L3 programming layer <2025-11-14>
 ***********
Package rerunfilecheck Info: File `intexgral-fr.out' has not changed.
(rerunfilecheck)             Checksum: 408EBABFD6B18D61DB35DCF4A0F247B1;6647.
Package rerunfilecheck Info: File `intexgral-fr.hd' has not changed.
(rerunfilecheck)             Checksum: B502DE35C81EF53F975033BE439CAEE6;5546.
)

Here is how much of LuaTeX's memory you used:
 40360 strings out of 476081
 305419,1977958 words of node,token memory allocated
 6945 words of node memory still in use:
   34 hlist, 6 vlist, 15 rule, 1 ins, 38 disc, 5 local_par, 10 math, 135 glue, 3
9 kern, 22 penalty, 5 margin_kern, 436 glyph, 309 attribute, 105 glue_spec, 159 
attribute_list, 2 write, 1 pdf_start_link, 1 pdf_end_link, 1 pdf_dest, 1 pdf_act
ion, 22 pdf_colorstack nodes
   avail lists: 1:21,2:5629,3:2136,4:4802,5:3555,6:440,7:11706,8:49,9:10759,10:4
7,11:831,12:3
 60625 multiletter control sequences out of 65536+600000
 183 fonts using 67776271 bytes
 89i,12n,110p,1512b,2433s stack positions out of 10000i,1000n,20000p,200000b,200000s

warning  (pdf backend): unreferenced destination with name 'Hfootnote.8'

warning  (pdf backend): unreferenced destination with name 'Hfootnote.6'

warning  (pdf backend): unreferenced destination with name 'Hfootnote.5'

warning  (pdf backend): unreferenced destination with name 'Hfootnote.2'

warning  (pdf backend): unreferenced destination with name 'Hfootnote.1'

warning  (pdf backend): unreferenced destination with name 'lstnumber.-29.123'
<c:/Users/valen/AppData/Local/Microsoft/Windows/Fonts/Whitney-Medium.otf><c:/tex
live/texmf-local/fonts/opentype/sans-serif/Whitney/Whitney-BoldItalic.otf><c:/Us
ers/valen/AppData/Local/Microsoft/Windows/Fonts/ChronicleTextG3-Roman-Pro.otf><c
:/Users/valen/AppData/Local/Microsoft/Windows/Fonts/Whitney-Semibold.otf><c:/tex
live/2025/texmf-dist/fonts/opentype/public/monaspace-otf/MonaspaceArgon-SemiBold
.otf><c:/texlive/2025/texmf-dist/fonts/opentype/public/fontawesome5/FontAwesome5
Brands-Regular-400.otf><c:/texlive/2025/texmf-dist/fonts/opentype/public/monaspa
ce-otf/MonaspaceArgon-MediumItalic.otf><c:/Users/valen/AppData/Local/Microsoft/W
indows/Fonts/ChronicleTextG3-BoldIta-Pro.otf><c:/Users/valen/AppData/Local/Micro
soft/Windows/Fonts/ChronicleTextG3-Italic-Pro.otf><c:/Users/valen/AppData/Local/
Microsoft/Windows/Fonts/Whitney-Bold.otf><c:/texlive/texmf-local/fonts/opentype/
serif/New Computer Modern/NewCMMath-Regular.otf><c:/texlive/2025/texmf-dist/font
s/opentype/public/monaspace-otf/MonaspaceArgon-Medium.otf><c:/Users/valen/AppDat
a/Local/Microsoft/Windows/Fonts/Whitney-MediumItalic.otf><c:/Users/valen/AppData
/Local/Microsoft/Windows/Fonts/ChronicleTextG3-Bold-Pro.otf><c:/texlive/texmf-lo
cal/fonts/opentype/serif/New Computer Modern/NewCMMath-Regular.otf><c:/texlive/t
exmf-local/fonts/opentype/serif/New Computer Modern/NewCMMath-Regular.otf><c:/Us
ers/valen/AppData/Local/Microsoft/Windows/Fonts/Whitney-Medium.otf><c:/Users/val
en/AppData/Local/Microsoft/Windows/Fonts/ChronicleTextG3-Roman-Pro.otf><c:/texli
ve/2025/texmf-dist/fonts/type1/public/amsfonts/cm/cmtt10.pfb>
Output written on intexgral-fr.pdf (48 pages, 295632 bytes).

PDF statistics: 3148 PDF objects out of 3580 (max. 8388607)
 3012 compressed objects within 31 object streams
 1538 named destinations out of 1728 (max. 131072)
 257 words of extra memory for PDF output out of 10000 (max. 100000000)

