\BOOKMARK [1][-]{Doc-Start}{\376\377\000A\000b\000s\000t\000r\000a\000c\000t}{}% 1
\BOOKMARK [1][-]{toc1.1}{\376\377\000C\000o\000n\000t\000e\000n\000t\000s}{}% 2
\BOOKMARK [1][-]{section.0.1}{\376\377\0001\000\040\000P\000a\000c\000k\000a\000g\000e\000\040\000o\000p\000t\000i\000o\000n\000s}{}% 3
\BOOKMARK [1][-]{section.0.2}{\376\377\0002\000\040\000P\000r\000e\000s\000e\000n\000t\000a\000t\000i\000o\000n\000\040\000o\000f\000\040\000t\000h\000e\000\040\000m\000a\000i\000n\000\040\000m\000a\000c\000r\000o}{}% 4
\BOOKMARK [1][-]{section.0.3}{\376\377\0003\000\040\000L\000i\000s\000t\000\040\000o\000f\000\040\000k\000e\000y\000s}{}% 5
\BOOKMARK [2][-]{subsection.0.3.1}{\376\377\0003\000.\0001\000\040\000I\000n\000t\000e\000g\000r\000a\000t\000i\000o\000n\000\040\000l\000i\000m\000i\000t\000s}{section.0.3}% 6
\BOOKMARK [3][-]{subsubsection.0.3.1.1}{\376\377\0003\000.\0001\000.\0001\000\040\000D\000e\000f\000i\000n\000i\000n\000g\000\040\000t\000h\000e\000\040\000l\000i\000m\000i\000t\000s}{subsection.0.3.1}% 7
\BOOKMARK [2][-]{subsection.0.3.2}{\376\377\0003\000.\0002\000\040\000D\000i\000s\000p\000l\000a\000y\000\040\000m\000o\000d\000e\000s}{section.0.3}% 8
\BOOKMARK [2][-]{subsection.0.3.3}{\376\377\0003\000.\0003\000\040\000S\000y\000m\000b\000o\000l\000\040\000\050\000a\000n\000d\000\040\000m\000o\000r\000e\000\040\000a\000b\000o\000u\000t\000\040\000l\000i\000m\000i\000t\000s\000\051}{section.0.3}% 9
\BOOKMARK [3][-]{subsubsection.0.3.3.1}{\376\377\0003\000.\0003\000.\0001\000\040\000S\000e\000l\000e\000c\000t\000i\000n\000g\000\040\000a\000\040\000s\000y\000m\000b\000o\000l}{subsection.0.3.3}% 10
\BOOKMARK [3][-]{subsubsection.0.3.3.2}{\376\377\0003\000.\0003\000.\0002\000\040\000G\000e\000n\000e\000r\000a\000t\000i\000n\000g\000\040\000m\000a\000n\000y\000\040\000i\000n\000t\000e\000g\000r\000a\000l\000s}{subsection.0.3.3}% 11
\BOOKMARK [3][-]{subsubsection.0.3.3.3}{\376\377\0003\000.\0003\000.\0003\000\040\000D\000e\000f\000i\000n\000i\000n\000g\000\040\000b\000o\000u\000n\000d\000a\000r\000i\000e\000s\000\040\000o\000n\000\040\000a\000n\000\040\000a\000d\000\040\000h\000o\000c\000\040\000b\000a\000s\000i\000s}{subsection.0.3.3}% 12
\BOOKMARK [3][-]{subsubsection.0.3.3.4}{\376\377\0003\000.\0003\000.\0004\000\040\000R\000e\000c\000u\000r\000r\000i\000n\000g\000\040\000l\000i\000m\000i\000t\000s\000\040\000m\000o\000t\000i\000f}{subsection.0.3.3}% 13
\BOOKMARK [2][-]{subsection.0.3.4}{\376\377\0003\000.\0004\000\040\000D\000i\000f\000f\000e\000r\000e\000n\000t\000i\000a\000l\000s}{section.0.3}% 14
\BOOKMARK [3][-]{subsubsection.0.3.4.1}{\376\377\0003\000.\0004\000.\0001\000\040\000S\000p\000e\000c\000i\000f\000y\000i\000n\000g\000\040\000t\000h\000e\000\040\000i\000n\000t\000e\000g\000r\000a\000t\000i\000o\000n\000\040\000v\000a\000r\000i\000a\000b\000l\000e\000s}{subsection.0.3.4}% 15
\BOOKMARK [3][-]{subsubsection.0.3.4.2}{\376\377\0003\000.\0004\000.\0002\000\040\000I\000n\000l\000c\000u\000d\000i\000n\000g\000\040\000t\000h\000e\000\040\000J\000a\000c\000o\000b\000i\000a\000n}{subsection.0.3.4}% 16
\BOOKMARK [3][-]{subsubsection.0.3.4.3}{\376\377\0003\000.\0004\000.\0003\000\040\000M\000o\000d\000i\000f\000y\000i\000n\000g\000\040\000t\000h\000e\000\040\000d\000i\000f\000f\000e\000r\000e\000n\000t\000i\000a\000l\000\040\000s\000y\000m\000b\000o\000l}{subsection.0.3.4}% 17
\BOOKMARK [3][-]{subsubsection.0.3.4.4}{\376\377\0003\000.\0004\000.\0004\000\040\000C\000r\000e\000a\000t\000i\000n\000g\000\040\000a\000\040\000p\000a\000t\000h\000\040\000i\000n\000t\000e\000g\000r\000a\000l}{subsection.0.3.4}% 18
\BOOKMARK [3][-]{subsubsection.0.3.4.5}{\376\377\0003\000.\0004\000.\0005\000\040\000O\000p\000t\000i\000n\000g\000\040\000f\000o\000r\000\040\000t\000h\000e\000\040\000s\000t\000a\000r\000r\000e\000d\000\040\000v\000a\000r\000i\000a\000n\000t}{subsection.0.3.4}% 19
\BOOKMARK [3][-]{subsubsection.0.3.4.6}{\376\377\0003\000.\0004\000.\0006\000\040\000D\000e\000s\000i\000g\000n\000a\000t\000i\000n\000g\000\040\000o\000p\000t\000i\000o\000n\000s}{subsection.0.3.4}% 20
\BOOKMARK [1][-]{section.0.4}{\376\377\0004\000\040\000A\000d\000d\000i\000t\000i\000o\000n\000a\000l\000\040\000m\000a\000c\000r\000o\000s}{}% 21
\BOOKMARK [2][-]{subsection.0.4.1}{\376\377\0004\000.\0001\000\040\000C\000u\000s\000t\000o\000m\000\040\000d\000i\000f\000f\000e\000r\000e\000n\000t\000i\000a\000l\000s\000\040\000p\000l\000a\000c\000e\000m\000e\000n\000t}{section.0.4}% 22
\BOOKMARK [2][-]{subsection.0.4.2}{\376\377\0004\000.\0002\000\040\000L\000o\000o\000k\000i\000n\000g\000\040\000b\000a\000c\000k\000\040\000a\000t\000\040\000t\000h\000e\000\040\000l\000i\000m\000i\000t\000s\000\040\000k\000e\000y}{section.0.4}% 23
\BOOKMARK [2][-]{subsection.0.4.3}{\376\377\0004\000.\0003\000\040\000L\000o\000o\000k\000i\000n\000g\000\040\000b\000a\000c\000k\000\040\000a\000t\000\040\000t\000h\000e\000\040\000v\000a\000r\000i\000a\000b\000l\000e\000s\000\040\000k\000e\000y}{section.0.4}% 24
\BOOKMARK [2][-]{subsection.0.4.4}{\376\377\0004\000.\0004\000\040\000L\000o\000o\000k\000i\000n\000g\000\040\000b\000a\000c\000k\000\040\000a\000t\000\040\000t\000h\000e\000\040\000s\000y\000m\000b\000o\000l\000\040\000k\000e\000y}{section.0.4}% 25
\BOOKMARK [1][-]{section.0.5}{\376\377\0005\000\040\000S\000p\000e\000c\000i\000a\000l\000\040\000s\000y\000n\000t\000a\000x}{}% 26
\BOOKMARK [2][-]{subsection.0.5.1}{\376\377\0005\000.\0001\000\040\000P\000r\000e\000s\000e\000n\000t\000a\000t\000i\000o\000n\000\040\000o\000f\000\040\000t\000h\000e\000\040\000s\000y\000n\000t\000a\000x}{section.0.5}% 27
\BOOKMARK [2][-]{subsection.0.5.2}{\376\377\0005\000.\0002\000\040\000F\000u\000n\000c\000t\000i\000o\000n\000i\000n\000g\000\040\000o\000f\000\040\000t\000h\000e\000\040\000s\000y\000n\000t\000a\000x}{section.0.5}% 28
\BOOKMARK [1][-]{section.0.6}{\376\377\0006\000\040\000A\000d\000d\000i\000t\000i\000o\000n\000a\000l\000\040\000p\000a\000r\000a\000m\000e\000t\000e\000r\000s}{}% 29
\BOOKMARK [1][-]{lstnumber.-29.123}{\376\377\000C\000h\000a\000n\000g\000e\000l\000o\000g}{}% 30
\BOOKMARK [1][-]{section*.1}{\376\377\000I\000n\000d\000e\000x}{}% 31
\BOOKMARK [1][-]{section*.2}{\376\377\000I\000m\000p\000l\000e\000m\000e\000n\000t\000a\000t\000i\000o\000n}{}% 32
