\BOOKMARK [1][-]{Doc-Start}{\376\377\000R\000\351\000s\000u\000m\000\351}{}% 1
\BOOKMARK [1][-]{toc1.1}{\376\377\000T\000a\000b\000l\000e\000\040\000d\000e\000s\000\040\000m\000a\000t\000i\000\350\000r\000e\000s}{}% 2
\BOOKMARK [1][-]{section.0.1}{\376\377\0001\000\040\000O\000p\000t\000i\000o\000n\000s\000\040\000d\000e\000\040\000p\000a\000c\000k\000a\000g\000e}{}% 3
\BOOKMARK [1][-]{section.0.2}{\376\377\0002\000\040\000P\000r\000\351\000s\000e\000n\000t\000a\000t\000i\000o\000n\000\040\000d\000e\000\040\000l\000a\000\040\000m\000a\000c\000r\000o\000\040\000p\000r\000i\000n\000c\000i\000p\000a\000l\000e}{}% 4
\BOOKMARK [1][-]{section.0.3}{\376\377\0003\000\040\000L\000i\000s\000t\000e\000\040\000d\000e\000s\000\040\000c\000l\000\351\000s}{}% 5
\BOOKMARK [2][-]{subsection.0.3.1}{\376\377\0003\000.\0001\000\040\000B\000o\000r\000n\000e\000s\000\040\000d\000'\000i\000n\000t\000\351\000g\000r\000a\000t\000i\000o\000n}{section.0.3}% 6
\BOOKMARK [3][-]{subsubsection.0.3.1.1}{\376\377\0003\000.\0001\000.\0001\000\040\000D\000\351\000f\000i\000n\000i\000r\000\040\000l\000e\000s\000\040\000b\000o\000r\000n\000e\000s}{subsection.0.3.1}% 7
\BOOKMARK [2][-]{subsection.0.3.2}{\376\377\0003\000.\0002\000\040\000M\000o\000d\000e\000s\000\040\000d\000'\000a\000f\000f\000i\000c\000h\000a\000g\000e}{section.0.3}% 8
\BOOKMARK [2][-]{subsection.0.3.3}{\376\377\0003\000.\0003\000\040\000S\000y\000m\000b\000o\000l\000e\000\040\000\050\000e\000t\000\040\000e\000n\000c\000o\000r\000e\000\040\000d\000e\000s\000\040\000b\000o\000r\000n\000e\000s\000\051}{section.0.3}% 9
\BOOKMARK [3][-]{subsubsection.0.3.3.1}{\376\377\0003\000.\0003\000.\0001\000\040\000S\000\351\000l\000e\000c\000t\000i\000o\000n\000n\000e\000r\000\040\000l\000e\000\040\000s\000y\000m\000b\000o\000l\000e}{subsection.0.3.3}% 10
\BOOKMARK [3][-]{subsubsection.0.3.3.2}{\376\377\0003\000.\0003\000.\0002\000\040\000G\000\351\000n\000\351\000r\000e\000r\000\040\000b\000e\000a\000u\000c\000o\000u\000p\000\040\000d\000'\000i\000n\000t\000\351\000g\000r\000a\000l\000e\000s}{subsection.0.3.3}% 11
\BOOKMARK [3][-]{subsubsection.0.3.3.3}{\376\377\0003\000.\0003\000.\0003\000\040\000D\000\351\000f\000i\000n\000i\000r\000\040\000d\000e\000s\000\040\000b\000o\000r\000n\000e\000s\000\040\000p\000o\000n\000c\000t\000u\000e\000l\000l\000e\000m\000e\000n\000t}{subsection.0.3.3}% 12
\BOOKMARK [3][-]{subsubsection.0.3.3.4}{\376\377\0003\000.\0003\000.\0004\000\040\000M\000o\000t\000i\000f\000s\000\040\000r\000\351\000c\000u\000r\000r\000e\000n\000t\000s\000\040\000d\000e\000\040\000b\000o\000r\000n\000e\000s}{subsection.0.3.3}% 13
\BOOKMARK [2][-]{subsection.0.3.4}{\376\377\0003\000.\0004\000\040\000D\000i\000f\000f\000\351\000r\000e\000n\000t\000i\000e\000l\000l\000e\000s}{section.0.3}% 14
\BOOKMARK [3][-]{subsubsection.0.3.4.1}{\376\377\0003\000.\0004\000.\0001\000\040\000S\000p\000\351\000c\000i\000f\000i\000e\000r\000\040\000l\000e\000s\000\040\000v\000a\000r\000i\000a\000b\000l\000e\000s\000\040\000d\000'\000i\000n\000t\000\351\000g\000r\000a\000t\000i\000o\000n}{subsection.0.3.4}% 15
\BOOKMARK [3][-]{subsubsection.0.3.4.2}{\376\377\0003\000.\0004\000.\0002\000\040\000I\000n\000c\000l\000u\000r\000e\000\040\000l\000e\000\040\000j\000a\000c\000o\000b\000i\000e\000n}{subsection.0.3.4}% 16
\BOOKMARK [3][-]{subsubsection.0.3.4.3}{\376\377\0003\000.\0004\000.\0003\000\040\000M\000o\000d\000i\000f\000i\000e\000r\000\040\000l\000e\000\040\000s\000y\000m\000b\000o\000l\000e\000\040\000d\000e\000s\000\040\000d\000i\000f\000f\000\351\000r\000e\000n\000t\000i\000e\000l\000l\000e\000s}{subsection.0.3.4}% 17
\BOOKMARK [3][-]{subsubsection.0.3.4.4}{\376\377\0003\000.\0004\000.\0004\000\040\000R\000\351\000a\000l\000i\000s\000e\000r\000\040\000u\000n\000e\000\040\000i\000n\000t\000\351\000g\000r\000a\000l\000e\000\040\000c\000u\000r\000v\000i\000l\000i\000g\000n\000e}{subsection.0.3.4}% 18
\BOOKMARK [3][-]{subsubsection.0.3.4.5}{\376\377\0003\000.\0004\000.\0005\000\040\000O\000p\000t\000e\000r\000\040\000p\000o\000u\000r\000\040\000l\000a\000\040\000v\000a\000r\000i\000a\000n\000t\000e\000\040\000\351\000t\000o\000i\000l\000\351\000e}{subsection.0.3.4}% 19
\BOOKMARK [3][-]{subsubsection.0.3.4.6}{\376\377\0003\000.\0004\000.\0006\000\040\000D\000\351\000s\000i\000g\000n\000e\000r\000\040\000d\000e\000s\000\040\000o\000p\000t\000i\000o\000n\000s}{subsection.0.3.4}% 20
\BOOKMARK [1][-]{section.0.4}{\376\377\0004\000\040\000M\000a\000c\000r\000o\000s\000\040\000a\000n\000n\000e\000x\000e\000s}{}% 21
\BOOKMARK [2][-]{subsection.0.4.1}{\376\377\0004\000.\0001\000\040\000E\000m\000p\000l\000a\000c\000e\000m\000e\000n\000t\000s\000\040\000p\000e\000r\000s\000o\000n\000n\000a\000l\000i\000s\000\351\000s\000\040\000d\000e\000s\000\040\000d\000i\000f\000f\000\351\000r\000e\000n\000t\000i\000e\000l\000l\000e\000s}{section.0.4}% 22
\BOOKMARK [2][-]{subsection.0.4.2}{\376\377\0004\000.\0002\000\040\000R\000e\000t\000o\000u\000r\000\040\000s\000u\000r\000\040\000l\000a\000\040\000c\000l\000\351\000\040\000l\000i\000m\000i\000t\000s}{section.0.4}% 23
\BOOKMARK [2][-]{subsection.0.4.3}{\376\377\0004\000.\0003\000\040\000R\000e\000t\000o\000u\000r\000\040\000s\000u\000r\000\040\000l\000a\000\040\000c\000l\000\351\000\040\000v\000a\000r\000i\000a\000b\000l\000e\000s}{section.0.4}% 24
\BOOKMARK [2][-]{subsection.0.4.4}{\376\377\0004\000.\0004\000\040\000R\000e\000t\000o\000u\000r\000\040\000s\000u\000r\000\040\000l\000a\000\040\000c\000l\000\351\000\040\000s\000y\000m\000b\000o\000l}{section.0.4}% 25
\BOOKMARK [1][-]{section.0.5}{\376\377\0005\000\040\000S\000y\000n\000t\000a\000x\000e\000\040\000s\000p\000\351\000c\000i\000a\000l\000e}{}% 26
\BOOKMARK [2][-]{subsection.0.5.1}{\376\377\0005\000.\0001\000\040\000P\000r\000\351\000s\000e\000n\000t\000a\000t\000i\000o\000n\000\040\000d\000e\000\040\000l\000a\000\040\000s\000y\000n\000t\000a\000x\000e}{section.0.5}% 27
\BOOKMARK [2][-]{subsection.0.5.2}{\376\377\0005\000.\0002\000\040\000F\000o\000n\000c\000t\000i\000o\000n\000n\000e\000m\000e\000n\000t\000\040\000d\000e\000\040\000l\000a\000\040\000s\000y\000n\000t\000a\000x\000e}{section.0.5}% 28
\BOOKMARK [1][-]{section.0.6}{\376\377\0006\000\040\000P\000a\000r\000a\000m\000\350\000t\000r\000e\000s\000\040\000a\000n\000n\000e\000x\000e\000s}{}% 29
\BOOKMARK [1][-]{lstnumber.-29.123}{\376\377\000H\000i\000s\000t\000o\000r\000i\000q\000u\000e\000\040\000d\000e\000s\000\040\000m\000o\000d\000i\000f\000i\000c\000a\000t\000i\000o\000n\000s}{}% 30
\BOOKMARK [1][-]{section*.1}{\376\377\000I\000n\000d\000e\000x}{}% 31
\BOOKMARK [1][-]{section*.2}{\376\377\000I\000m\000p\000l\000\351\000m\000e\000n\000t\000a\000t\000i\000o\000n}{}% 32
